2026-01-20 11:26:48,658 - BuildSystem - INFO - Loaded configuration from /home/lc/projekty/OpenKomodoIDE/build_config.json
2026-01-20 11:26:48,658 - BuildSystem - INFO - Saved configuration to /home/lc/projekty/OpenKomodoIDE/build_config.json
2026-01-20 11:26:48,658 - BuildSystem - INFO - Configuring build using Firefox mach system...
2026-01-20 11:26:48,658 - BuildSystem - INFO - Running: /home/lc/projekty/OpenKomodoIDE/mozilla/build/moz1400-ko1410/mozilla/mach configure
2026-01-20 11:26:48,863 - BuildSystem - ERROR - ✗ Build configuration failed: 
2026-01-20 11:26:48,863 - BuildSystem - ERROR - stdout: Error running mach:

    mach configure

The error occurred in code that was called by the mach command. This is either
a bug in the called code itself or in the way that mach is calling it.
You can invoke ``./mach busted`` to check if this issue is already on file. If it
isn't, please use ``./mach busted file configure`` to report it. If ``./mach busted`` is
misbehaving, you can also inspect the dependencies of bug 1543241.

If filing a bug, please include the full output of mach, including this error
message.

The details of the failure are as follows:

AttributeError: 'CommandContext' object has no attribute 'topdir'

  File "/home/lc/projekty/OpenKomodoIDE/mozilla/build/moz1400-ko1410/mozilla/build/../python/mach/mach/registrar.py", line 75, in _instance
    return handler.create_instance(context, handler.virtualenv_name)
           ~~~~~~~~~~~~~~~~~~~~~~~^^^^^^^^^^^^^^^^^^^^^^^^^^^^^^^^^^
  File "/home/lc/projekty/OpenKomodoIDE/mozilla/build/moz1400-ko1410/mozilla/build/../python/mach/mach/decorators.py", line 97, in create_instance
    return subclass(
        context,
    ...<2 lines>...
        no_auto_log=self.no_auto_log,
    )
  File "/home/lc/projekty/OpenKomodoIDE/mozilla/build/moz1400-ko1410/mozilla/build/../python/mozbuild/mozbuild/base.py", line 919, in __init__
    topsrcdir = context.topdir
                ^^^^^^^^^^^^^^

2026-01-20 11:26:48,863 - BuildSystem - ERROR - Please check the configuration and try again
