2026-01-11 09:08:40,981 - BuildSystem - INFO - Loaded configuration from /home/lc/projekty/OpenKomodoIDE/build_config.json
2026-01-11 09:08:40,981 - BuildSystem - INFO - Saved configuration to /home/lc/projekty/OpenKomodoIDE/build_config.json
2026-01-11 09:08:40,981 - BuildSystem - INFO - Delegating to legacy mozilla build system: configure_mozilla
2026-01-11 09:08:40,981 - BuildSystem - INFO - Running: python3 /home/lc/projekty/OpenKomodoIDE/mozilla/build.py configure_mozilla
2026-01-11 09:08:45,275 - BuildSystem - ERROR - ✗ Legacy build command 'configure_mozilla' failed: /home/lc/projekty/OpenKomodoIDE/mozilla/build.py:166: SyntaxWarning: invalid escape sequence '\d'
  changenum = int(re.match("(\d+)", changestr).group(1))
/home/lc/projekty/OpenKomodoIDE/mozilla/build.py:434: SyntaxWarning: invalid escape sequence '\d'
  patterns = [re.compile("\d+\.\d+")]
/home/lc/projekty/OpenKomodoIDE/mozilla/build.py:1173: SyntaxWarning: invalid escape sequence '\d'
  if not re.match("^\d+\.\d+$", optarg):
/home/lc/projekty/OpenKomodoIDE/mozilla/build.py:1635: SyntaxWarning: invalid escape sequence '\%'
  %%MOZ_OBJDIR%%\%s
/home/lc/projekty/OpenKomodoIDE/mozilla/build.py:3005: SyntaxWarning: invalid escape sequence '\w'
  _remote_path_re = re.compile("(\w+@)?\w+:/(?!/)")
build: info: target: configure_mozilla
build: info: create '/home/lc/projekty/OpenKomodoIDE/mozilla/build/moz14000-ko14.10/mozilla/.mozconfig' and point MOZCONFIG to it
build: info: Using system autoconf for Firefox 140 ESR
perl: warning: Setting locale failed.
perl: warning: Please check that your locale settings:
	LANGUAGE = (unset),
	LC_ALL = "en_US.UTF-8",
	LC_CTYPE = (unset),
	LC_NUMERIC = (unset),
	LC_COLLATE = (unset),
	LC_TIME = (unset),
	LC_MESSAGES = (unset),
	LC_MONETARY = (unset),
	LC_ADDRESS = (unset),
	LC_IDENTIFICATION = (unset),
	LC_MEASUREMENT = (unset),
	LC_PAPER = (unset),
	LC_TELEPHONE = (unset),
	LC_NAME = (unset),
	LANG = "C.UTF-8"
    are supported and installed on your system.
perl: warning: Falling back to a fallback locale ("C.UTF-8").
build: info: Using modern autoconf version 2.72 for Firefox 140 ESR
build: info: Using modern configure system for Firefox 140 ESR
build: info: running '../configure' in '/home/lc/projekty/OpenKomodoIDE/mozilla/build/moz14000-ko14.10/mozilla/obj-x86_64-pc-linux-gnu'
ERROR: Could not find libclang to generate rust bindings for C/C++. Please install the necessary packages, run `mach bootstrap`, or use --with-libclang-path to give the path containing it.
Traceback (most recent call last):
  File "/home/lc/projekty/OpenKomodoIDE/mozilla/build.py", line 3241, in <module>
    sys.exit( main(sys.argv) )
              ~~~~^^^^^^^^^^
  File "/home/lc/projekty/OpenKomodoIDE/mozilla/build.py", line 3237, in main
    return build(args)
  File "/home/lc/projekty/OpenKomodoIDE/mozilla/build.py", line 3062, in build
    newArgv = targetFunc(argv)
  File "/home/lc/projekty/OpenKomodoIDE/mozilla/build.py", line 2576, in target_configure_mozilla
    _run_in_dir(cmd, objDir, log.info)
    ~~~~~~~~~~~^^^^^^^^^^^^^^^^^^^^^^^
  File "/home/lc/projekty/OpenKomodoIDE/mozilla/build.py", line 272, in _run_in_dir
    _run(cmd, logstream=None)
    ~~~~^^^^^^^^^^^^^^^^^^^^^
  File "/home/lc/projekty/OpenKomodoIDE/mozilla/build.py", line 254, in _run
    raise OSError("error running '%s': %r" % (cmd, status))
OSError: error running '../configure': 1

2026-01-11 09:08:45,275 - BuildSystem - ERROR - stdout: Using Python 3.13.5 from /bin/python3
Created Python 3 virtualenv
Adding configure options from /home/lc/projekty/OpenKomodoIDE/mozilla/build/moz14000-ko14.10/mozilla/.mozconfig
  --disable-tests
  --enable-optimize
  --disable-debug
  --enable-application=browser
  CC=/bin/gcc
  CXX=/bin/g++
checking for vcs source checkout... git
checking for a shell... /bin/sh
checking for host system type... x86_64-pc-linux-gnu
checking for target system type... x86_64-pc-linux-gnu
checking whether cross compiling... no
checking if configuration file confvars.sh exists... /home/lc/projekty/OpenKomodoIDE/mozilla/build/moz14000-ko14.10/mozilla/browser/confvars.sh
checking if configuration file configure.sh exists... /home/lc/projekty/OpenKomodoIDE/mozilla/build/moz14000-ko14.10/mozilla/browser/branding/unofficial/configure.sh
checking for the target C compiler... /bin/gcc
checking for ccache... not found
checking whether the target C compiler can be used... yes
checking for the target C++ compiler... /bin/g++
checking whether the target C++ compiler can be used... yes
checking for unwind.h... yes
checking for target linker... bfd
checking for _Unwind_Backtrace... yes
checking for Python 3... /home/lc/projekty/OpenKomodoIDE/mozilla/build/moz-state/srcdirs/mozilla-a75811c90ce1/_virtualenvs/build/bin/python (3.13.5)
checking for git... /bin/git
checking for Git version... 2.47.3
checking for wget... /bin/wget
checking the target C compiler version... 14.2.0
checking the target C compiler works... yes
checking the target C++ compiler version... 14.2.0
checking the target C++ compiler works... yes
checking for the host C compiler... /bin/gcc
checking whether the host C compiler can be used... yes
checking the host C compiler version... 14.2.0
checking the host C compiler works... yes
checking for the host C++ compiler... /bin/g++
checking whether the host C++ compiler can be used... yes
checking the host C++ compiler version... 14.2.0
checking the host C++ compiler works... yes
checking for host linker... bfd
checking for 64-bit OS... yes
checking for new enough STL headers from libstdc++... yes
checking for __thread keyword for TLS variables... yes
checking for the assembler... /bin/gcc
checking for llvm-objdump... /bin/llvm-objdump
checking for ar... /bin/ar
checking whether ar supports response files... no
checking for host_ar... /bin/ar
checking for nm... /bin/nm
checking for -mavxvnni support... yes
checking for -mavx512bw support... yes
checking for -mavx512vnni support... yes
checking for pkg_config... /bin/pkg-config
checking for pkg-config version... 1.8.1
checking whether pkg-config is pkgconf... yes
checking for strndup... yes
checking for posix_memalign... yes
checking for memalign... yes
checking for malloc_usable_size... yes
checking for malloc.h... yes
checking whether malloc_usable_size definition can use const argument... no
checking for stdint.h... yes
checking for inttypes.h... yes
checking for alloca.h... yes
checking for sys/byteorder.h... no
checking for getopt.h... yes
checking for unistd.h... yes
checking for nl_types.h... yes
checking for cpuid.h... yes
checking for fts.h... yes
checking for sys/statvfs.h... yes
checking for sys/statfs.h... yes
checking for sys/vfs.h... yes
checking for sys/mount.h... yes
checking for sys/quota.h... yes
checking for linux/quota.h... yes
checking for linux/if_addr.h... yes
checking for linux/rtnetlink.h... yes
checking for sys/queue.h... yes
checking for sys/types.h... yes
checking for netinet/in.h... yes
checking for byteswap.h... yes
checking for memfd_create in sys/mman.h... yes
checking for clock_gettime(CLOCK_MONOTONIC)... yes
checking for res_ninit()... yes
checking for dladdr... yes
checking for dlfcn.h... yes
checking for dlopen in -ldl... yes
checking for gethostbyname_r in -lc_r... no
checking for socket in -lsocket... no
checking for pthread_create... yes
checking for pthread.h... yes
checking whether the C compiler supports -pthread... yes
checking whether 64-bits std::atomic requires -latomic... no
checking whether the C compiler supports -Wbitfield-enum-conversion... no
checking whether the C++ compiler supports -Wbitfield-enum-conversion... no
checking whether the C compiler supports -Wformat-type-confusion... no
checking whether the C++ compiler supports -Wformat-type-confusion... no
checking whether the C compiler supports -Wshadow-field-in-constructor-modified... no
checking whether the C++ compiler supports -Wshadow-field-in-constructor-modified... no
checking whether the C compiler supports -Wtautological-constant-in-range-compare... no
checking whether the C++ compiler supports -Wtautological-constant-in-range-compare... no
checking whether the C compiler supports -Wno-error=tautological-type-limit-compare... no
checking whether the C++ compiler supports -Wno-error=tautological-type-limit-compare... no
checking whether the C compiler supports -Wunreachable-code-return... no
checking whether the C++ compiler supports -Wunreachable-code-return... no
checking whether the C compiler supports -Wclass-varargs... no
checking whether the C++ compiler supports -Wclass-varargs... no
checking whether the C++ compiler supports -Wempty-init-stmt... no
checking whether the C compiler supports -Wfloat-overflow-conversion... no
checking whether the C++ compiler supports -Wfloat-overflow-conversion... no
checking whether the C compiler supports -Wfloat-zero-conversion... no
checking whether the C++ compiler supports -Wfloat-zero-conversion... no
checking whether the C compiler supports -Wloop-analysis... no
checking whether the C++ compiler supports -Wloop-analysis... no
checking whether the C compiler supports -Wno-range-loop-analysis... no
checking whether the C++ compiler supports -Wno-range-loop-analysis... no
checking whether the C++ compiler supports -Wcomma-subscript... yes
checking whether the C compiler supports -Wenum-compare-conditional... no
checking whether the C++ compiler supports -Wenum-compare-conditional... no
checking whether the C compiler supports -Wenum-float-conversion... no
checking whether the C++ compiler supports -Wenum-float-conversion... no
checking whether the C++ compiler supports -Wvolatile... yes
checking whether the C++ compiler supports -Wno-deprecated-anon-enum-enum-conversion... no
checking whether the C++ compiler supports -Wno-deprecated-enum-enum-conversion... yes
checking whether the C++ compiler supports -Wno-deprecated-this-capture... no
checking whether the C++ compiler supports -Wcomma... no
checking whether the C compiler supports -Wduplicated-cond... yes
checking whether the C++ compiler supports -Wduplicated-cond... yes
checking whether the C++ compiler supports -Wimplicit-fallthrough... yes
checking whether the C compiler supports -Wlogical-op... yes
checking whether the C++ compiler supports -Wlogical-op... yes
checking whether the C compiler supports -Wstring-conversion... no
checking whether the C++ compiler supports -Wstring-conversion... no
checking whether the C++ compiler supports -Wno-inline-new-delete... no
checking whether the C compiler supports -Wno-error=maybe-uninitialized... yes
checking whether the C++ compiler supports -Wno-error=maybe-uninitialized... yes
checking whether the C compiler supports -Wno-error=deprecated-declarations... yes
checking whether the C++ compiler supports -Wno-error=deprecated-declarations... yes
checking whether the C compiler supports -Wno-error=array-bounds... yes
checking whether the C++ compiler supports -Wno-error=array-bounds... yes
checking whether the C compiler supports -Wno-error=free-nonheap-object... yes
checking whether the C++ compiler supports -Wno-error=free-nonheap-object... yes
checking whether the C compiler supports -Wno-multistatement-macros... yes
checking whether the C++ compiler supports -Wno-multistatement-macros... yes
checking whether the C compiler supports -Wno-error=class-memaccess... yes
checking whether the C++ compiler supports -Wno-error=class-memaccess... yes
checking whether the C compiler supports -Wno-error=atomic-alignment... no
checking whether the C++ compiler supports -Wno-error=atomic-alignment... no
checking whether the C compiler supports -Wno-error=deprecated-builtins... no
checking whether the C++ compiler supports -Wno-error=deprecated-builtins... no
checking whether the C compiler supports -Wformat... yes
checking whether the C++ compiler supports -Wformat... yes
checking whether the C compiler supports -Wformat-security... no
checking whether the C++ compiler supports -Wformat-security... no
checking whether the C compiler supports -Wformat-overflow=2... yes
checking whether the C++ compiler supports -Wformat-overflow=2... yes
checking whether the C compiler supports -Werror=implicit-function-declaration... yes
checking whether the C compiler supports -Wno-psabi... yes
checking whether the C++ compiler supports -Wno-psabi... yes
checking whether the C compiler supports -Wno-error=builtin-macro-redefined... yes
checking whether the C++ compiler supports -Wno-error=builtin-macro-redefined... yes
checking whether the C++ compiler supports -Wno-vla-cxx-extension... no
checking whether the C compiler supports -Wno-unknown-warning-option... no
checking whether the C++ compiler supports -Wno-unknown-warning-option... no
checking whether the C compiler supports -Wno-character-conversion... no
checking whether the C++ compiler supports -Wno-character-conversion... no
checking whether the C++ compiler supports -fno-sized-deallocation... yes
checking whether the C++ compiler supports -fno-aligned-new... yes
checking whether we're trying to statically link with libstdc++... no
checking whether the linker supports Identical Code Folding... no
checking whether the C compiler supports -pipe... yes
checking whether the C++ compiler supports -pipe... yes
checking whether the C linker supports -Wl,--build-id=sha1... yes
checking whether the C assembler supports -Wa,--noexecstack... yes
checking whether the C linker supports -Wl,-z,noexecstack... yes
checking whether the C linker supports -Wl,-z,text... yes
checking whether the C linker supports -Wl,-z,relro... yes
checking whether the C linker supports -Wl,-z,now... yes
checking whether the C linker supports -Wl,-z,nocopyreloc... yes
checking whether the C assembler supports -fPIC... yes
checking whether the C compiler supports -fPIC... yes
checking whether the C++ compiler supports -fPIC... yes
checking what kind of list files are supported by the linker... linkerlist
checking for llvm_profdata... /bin/llvm-profdata
checking for readelf... /bin/llvm-readelf
checking for objcopy... /bin/llvm-objcopy
checking for alsa... yes
checking MOZ_ALSA_CFLAGS... 
checking MOZ_ALSA_LIBS... -lasound
checking for libpulse... yes
checking MOZ_PULSEAUDIO_CFLAGS... -D_REENTRANT
checking MOZ_PULSEAUDIO_LIBS... -lpulse -pthread
checking for rustc... /home/lc/.cargo/bin/rustc
checking for cargo... /home/lc/.cargo/bin/cargo
Actually using '/home/lc/.rustup/toolchains/stable-x86_64-unknown-linux-gnu/bin/rustc'
Actually using '/home/lc/.rustup/toolchains/stable-x86_64-unknown-linux-gnu/bin/cargo'
checking rustc version... 1.92.0
checking cargo version... 1.92.0
checking for rust host triplet... x86_64-unknown-linux-gnu
checking for rust target triplet... x86_64-unknown-linux-gnu
checking for rustdoc... /home/lc/.cargo/bin/rustdoc
checking for cbindgen... /home/lc/.cargo/bin/cbindgen
checking for rustfmt... /home/lc/.cargo/bin/rustfmt
checking for clang for bindgen... /bin/clang++
checking for libclang for bindgen... not found

