2026-01-11 22:53:01,447 - BuildSystem - INFO - Loaded configuration from /home/lc/projekty/OpenKomodoIDE/build_config.json
2026-01-11 22:53:01,447 - BuildSystem - INFO - Saved configuration to /home/lc/projekty/OpenKomodoIDE/build_config.json
2026-01-11 22:53:01,447 - BuildSystem - INFO - Starting complete build process...
2026-01-11 22:53:01,447 - BuildSystem - INFO - ============================================================
2026-01-11 22:53:01,447 - BuildSystem - INFO - Setting up build environment...
2026-01-11 22:53:01,447 - BuildSystem - INFO - Environment set up for linux
2026-01-11 22:53:01,448 - BuildSystem - INFO - Checking dependencies...
2026-01-11 22:53:01,462 - BuildSystem - INFO - All required dependencies are available
2026-01-11 22:53:01,462 - BuildSystem - INFO - Checking Firefox source code...
2026-01-11 22:53:01,462 - BuildSystem - INFO - Verifying Firefox source code...
2026-01-11 22:53:01,462 - BuildSystem - ERROR - ✗ Firefox source code incomplete. Missing files: browser, toolkit
2026-01-11 22:53:01,462 - BuildSystem - ERROR - ✗ Existing Firefox source code at /home/lc/projekty/OpenKomodoIDE/mozilla/build/moz1400-ko1410/mozilla is incomplete
2026-01-11 22:53:01,462 - BuildSystem - INFO - Removing incomplete source and redownloading...
2026-01-11 22:53:04,378 - BuildSystem - INFO - ✗ Firefox source code not found at: /home/lc/projekty/OpenKomodoIDE/mozilla/build/moz1400-ko1410/mozilla
2026-01-11 22:53:04,378 - BuildSystem - INFO - Downloading Firefox 140 ESR source code...
2026-01-11 22:53:04,378 - BuildSystem - INFO - Downloading from: https://archive.mozilla.org/pub/firefox/releases/140.0esr/source/firefox-140.0esr.source.tar.xz
2026-01-11 22:53:04,378 - BuildSystem - INFO - ⚠ This may take a while (~200MB download)...
2026-01-11 22:53:04,378 - BuildSystem - INFO - Using wget to download Firefox source...
2026-01-11 22:53:49,906 - BuildSystem - INFO - ✓ Download completed: 628567364 bytes
2026-01-11 22:53:49,906 - BuildSystem - INFO - Extracting Firefox source code...
2026-01-11 22:54:41,273 - BuildSystem - INFO - Found extracted source directory: /home/lc/projekty/OpenKomodoIDE/temp_download/firefox-140.0
2026-01-11 22:54:41,274 - BuildSystem - INFO - Moving source code to: /home/lc/projekty/OpenKomodoIDE/mozilla/build/moz1400-ko1410/mozilla
2026-01-11 22:54:41,277 - BuildSystem - ERROR - ✗ Failed to move /home/lc/projekty/OpenKomodoIDE/temp_download/firefox-140.0/caps to /home/lc/projekty/OpenKomodoIDE/mozilla/build/moz1400-ko1410/mozilla/caps: [Errno 17] File exists: '/home/lc/projekty/OpenKomodoIDE/mozilla/build/moz1400-ko1410/mozilla'
