2026-01-11 19:40:51,008 - BuildSystem - INFO - Loaded configuration from /home/lc/projekty/OpenKomodoIDE/build_config.json
2026-01-11 19:40:51,008 - BuildSystem - INFO - Saved configuration to /home/lc/projekty/OpenKomodoIDE/build_config.json
2026-01-11 19:40:51,008 - BuildSystem - INFO - Configuring build using Firefox mach system...
2026-01-11 19:40:51,008 - BuildSystem - ERROR - ✗ Firefox mach not found at /home/lc/projekty/OpenKomodoIDE/mozilla/build/moz1400-ko1410/mozilla/mach
2026-01-11 19:40:51,008 - BuildSystem - INFO - Attempting to download Firefox source code...
2026-01-11 19:40:51,008 - BuildSystem - INFO - Checking Firefox source code...
2026-01-11 19:40:51,008 - BuildSystem - INFO - ✗ Firefox source code not found at: /home/lc/projekty/OpenKomodoIDE/mozilla/build/moz1400-ko1410/mozilla
2026-01-11 19:40:51,008 - BuildSystem - INFO - Downloading Firefox 140 ESR source code...
2026-01-11 19:40:51,008 - BuildSystem - INFO - Downloading from: https://archive.mozilla.org/pub/firefox/releases/140.0esr/source/firefox-140.0esr.source.tar.xz
2026-01-11 19:40:51,009 - BuildSystem - INFO - ⚠ This may take a while (~200MB download)...
2026-01-11 19:40:51,009 - BuildSystem - INFO - Using wget to download Firefox source...
2026-01-11 19:51:55,142 - BuildSystem - INFO - ✓ Download completed: 628567364 bytes
2026-01-11 19:51:55,142 - BuildSystem - INFO - Extracting Firefox source code...
2026-01-11 19:52:44,292 - BuildSystem - INFO - Found extracted source directory: /home/lc/projekty/OpenKomodoIDE/temp_download/firefox-140.0
2026-01-11 19:52:44,292 - BuildSystem - INFO - Moving source code to: /home/lc/projekty/OpenKomodoIDE/mozilla/build/moz1400-ko1410/mozilla
2026-01-11 19:52:44,293 - BuildSystem - INFO - Removing existing: /home/lc/projekty/OpenKomodoIDE/mozilla/build/moz1400-ko1410/mozilla/docs
2026-01-11 19:52:44,293 - BuildSystem - INFO - Removing existing: /home/lc/projekty/OpenKomodoIDE/mozilla/build/moz1400-ko1410/mozilla/moz.build
2026-01-11 19:52:44,293 - BuildSystem - ERROR - ✗ Failed to download Firefox source: [Errno 20] Not a directory: '/home/lc/projekty/OpenKomodoIDE/mozilla/build/moz1400-ko1410/mozilla/moz.build'
2026-01-11 19:52:44,294 - BuildSystem - ERROR - Please check your internet connection and try again
2026-01-11 19:52:44,380 - BuildSystem - ERROR - ✗ Failed to download Firefox source code
