2026-01-11 23:27:18,999 - BuildSystem - INFO - Loaded configuration from /home/lc/projekty/OpenKomodoIDE/build_config.json
2026-01-11 23:27:18,999 - BuildSystem - INFO - Saved configuration to /home/lc/projekty/OpenKomodoIDE/build_config.json
2026-01-11 23:27:18,999 - BuildSystem - INFO - Configuring build using Firefox mach system...
2026-01-11 23:27:18,999 - BuildSystem - INFO - Running: /home/lc/projekty/OpenKomodoIDE/mozilla/build/moz1400-ko1410/mozilla/mach configure
2026-01-11 23:27:27,801 - BuildSystem - ERROR - ✗ Build configuration failed: /home/lc/.mozbuild/srcdirs/mozilla-9bd3f734fd8c/_virtualenvs/mach/lib/python3.13/site-packages/psutil/_pslinux.py:513: RuntimeWarning: shared, active, inactive memory stats couldn't be determined and were set to 0
  warnings.warn(msg, RuntimeWarning)

2026-01-11 23:27:27,801 - BuildSystem - ERROR - stdout:  0:00.45 Using Python 3.13.5 from /home/lc/.mozbuild/srcdirs/mozilla-9bd3f734fd8c/_virtualenvs/build/bin/python
 0:00.45 Adding configure options from /home/lc/projekty/OpenKomodoIDE/mozilla/build/moz1400-ko1410/mozilla/.mozconfig
 0:00.45   --enable-release
 0:00.45   --disable-tests
 0:00.45   --enable-optimize
 0:00.45   --with-system-libvpx
 0:00.45   --with-system-icu
 0:00.45 checking for vcs source checkout... no
 0:00.48 checking for a shell... /bin/sh
 0:00.51 checking for host system type... x86_64-pc-linux-gnu
 0:00.51 checking for target system type... x86_64-pc-linux-gnu
 0:00.70 checking whether cross compiling... no
 0:00.74 checking if configuration file confvars.sh exists... /home/lc/projekty/OpenKomodoIDE/mozilla/build/moz1400-ko1410/mozilla/browser/confvars.sh
 0:00.74 checking if configuration file configure.sh exists... /home/lc/projekty/OpenKomodoIDE/mozilla/build/moz1400-ko1410/mozilla/browser/branding/unofficial/configure.sh
 0:00.75 checking for the target C compiler... /bin/clang
 0:00.75 checking for ccache... not found
 0:00.79 checking whether the target C compiler can be used... yes
 0:00.79 checking for the target C++ compiler... /bin/clang++
 0:00.83 checking whether the target C++ compiler can be used... yes
 0:00.86 checking for unwind.h... yes
 0:00.89 checking for target linker... lld
 0:00.94 checking for _Unwind_Backtrace... yes
 0:00.95 checking for Python 3... /home/lc/.mozbuild/srcdirs/mozilla-9bd3f734fd8c/_virtualenvs/build/bin/python (3.13.5)
 0:00.95 checking for wget... /bin/wget
 0:00.95 checking the target C compiler version... 19.1.7
 0:00.97 checking the target C compiler works... yes
 0:00.97 checking the target C++ compiler version... 19.1.7
 0:00.99 checking the target C++ compiler works... yes
 0:00.99 checking for the host C compiler... /bin/clang
 0:00.99 checking whether the host C compiler can be used... yes
 0:00.99 checking the host C compiler version... 19.1.7
 0:00.99 checking the host C compiler works... yes
 0:00.99 checking for the host C++ compiler... /bin/clang++
 0:01.00 checking whether the host C++ compiler can be used... yes
 0:01.00 checking the host C++ compiler version... 19.1.7
 0:01.00 checking the host C++ compiler works... yes
 0:01.03 checking for host linker... lld
 0:01.05 checking for 64-bit OS... yes
 0:01.07 checking for new enough STL headers from libstdc++... yes
 0:01.14 checking for __thread keyword for TLS variables... yes
 0:01.15 checking for the assembler... /bin/clang
 0:01.16 checking for llvm-objdump... /usr/lib/llvm-19/bin/llvm-objdump
 0:01.18 checking for ar... /usr/lib/llvm-19/bin/llvm-ar
 0:01.22 checking whether ar supports response files... no
 0:01.24 checking for host_ar... /usr/lib/llvm-19/bin/llvm-ar
 0:01.25 checking for nm... /usr/lib/llvm-19/bin/llvm-nm
 0:01.28 checking for -mavxvnni support... yes
 0:01.30 checking for -mavx512bw support... yes
 0:01.33 checking for -mavx512vnni support... yes
 0:01.33 checking for pkg_config... /bin/pkg-config
 0:01.33 checking for pkg-config version... 1.8.1
 0:01.33 checking whether pkg-config is pkgconf... yes
 0:01.39 checking for strndup... yes
 0:01.44 checking for posix_memalign... yes
 0:01.49 checking for memalign... yes
 0:01.55 checking for malloc_usable_size... yes
 0:01.57 checking for malloc.h... yes
 0:01.60 checking whether malloc_usable_size definition can use const argument... no
 0:01.63 checking for stdint.h... yes
 0:01.65 checking for inttypes.h... yes
 0:01.67 checking for alloca.h... yes
 0:01.69 checking for sys/byteorder.h... no
 0:01.72 checking for getopt.h... yes
 0:01.74 checking for unistd.h... yes
 0:01.76 checking for nl_types.h... yes
 0:01.79 checking for cpuid.h... yes
 0:01.81 checking for fts.h... yes
 0:01.83 checking for sys/statvfs.h... yes
 0:01.86 checking for sys/statfs.h... yes
 0:01.88 checking for sys/vfs.h... yes
 0:01.91 checking for sys/mount.h... yes
 0:01.94 checking for sys/quota.h... yes
 0:01.96 checking for linux/quota.h... yes
 0:01.99 checking for linux/if_addr.h... yes
 0:02.02 checking for linux/rtnetlink.h... yes
 0:02.04 checking for sys/queue.h... yes
 0:02.07 checking for sys/types.h... yes
 0:02.09 checking for netinet/in.h... yes
 0:02.12 checking for byteswap.h... yes
 0:02.14 checking for memfd_create in sys/mman.h... yes
 0:02.21 checking for clock_gettime(CLOCK_MONOTONIC)... yes
 0:02.28 checking for res_ninit()... yes
 0:02.34 checking for dladdr... yes
 0:02.36 checking for dlfcn.h... yes
 0:02.41 checking for dlopen in -ldl... yes
 0:02.47 checking for gethostbyname_r in -lc_r... no
 0:02.52 checking for socket in -lsocket... no
 0:02.57 checking for pthread_create... yes
 0:02.60 checking for pthread.h... yes
 0:02.63 checking whether the C compiler supports -pthread... yes
 0:02.72 checking whether 64-bits std::atomic requires -latomic... no
 0:02.75 checking whether the C compiler supports -Wbitfield-enum-conversion... yes
 0:02.77 checking whether the C++ compiler supports -Wbitfield-enum-conversion... yes
 0:02.79 checking whether the C compiler supports -Wformat-type-confusion... yes
 0:02.81 checking whether the C++ compiler supports -Wformat-type-confusion... yes
 0:02.83 checking whether the C compiler supports -Wshadow-field-in-constructor-modified... yes
 0:02.86 checking whether the C++ compiler supports -Wshadow-field-in-constructor-modified... yes
 0:02.88 checking whether the C compiler supports -Wtautological-constant-in-range-compare... yes
 0:02.90 checking whether the C++ compiler supports -Wtautological-constant-in-range-compare... yes
 0:02.92 checking whether the C compiler supports -Wno-error=tautological-type-limit-compare... yes
 0:02.95 checking whether the C++ compiler supports -Wno-error=tautological-type-limit-compare... yes
 0:02.97 checking whether the C compiler supports -Wunreachable-code-return... yes
 0:03.00 checking whether the C++ compiler supports -Wunreachable-code-return... yes
 0:03.02 checking whether the C compiler supports -Wunused-but-set-parameter... yes
 0:03.05 checking whether the C++ compiler supports -Wunused-but-set-parameter... yes
 0:03.07 checking whether the C compiler supports -Wclass-varargs... yes
 0:03.10 checking whether the C++ compiler supports -Wclass-varargs... yes
 0:03.13 checking whether the C++ compiler supports -Wempty-init-stmt... yes
 0:03.15 checking whether the C compiler supports -Wfloat-overflow-conversion... yes
 0:03.17 checking whether the C++ compiler supports -Wfloat-overflow-conversion... yes
 0:03.20 checking whether the C compiler supports -Wfloat-zero-conversion... yes
 0:03.22 checking whether the C++ compiler supports -Wfloat-zero-conversion... yes
 0:03.25 checking whether the C compiler supports -Wloop-analysis... yes
 0:03.27 checking whether the C++ compiler supports -Wloop-analysis... yes
 0:03.30 checking whether the C compiler supports -Wno-range-loop-analysis... yes
 0:03.32 checking whether the C++ compiler supports -Wno-range-loop-analysis... yes
 0:03.34 checking whether the C++ compiler supports -Wcomma-subscript... no
 0:03.36 checking whether the C compiler supports -Wenum-compare-conditional... yes
 0:03.38 checking whether the C++ compiler supports -Wenum-compare-conditional... yes
 0:03.40 checking whether the C compiler supports -Wenum-float-conversion... yes
 0:03.43 checking whether the C++ compiler supports -Wenum-float-conversion... yes
 0:03.45 checking whether the C++ compiler supports -Wvolatile... no
 0:03.47 checking whether the C++ compiler supports -Wno-deprecated-anon-enum-enum-conversion... yes
 0:03.49 checking whether the C++ compiler supports -Wno-deprecated-enum-enum-conversion... yes
 0:03.51 checking whether the C++ compiler supports -Wno-deprecated-this-capture... yes
 0:03.54 checking whether the C++ compiler supports -Wcomma... yes
 0:03.55 checking whether the C compiler supports -Wduplicated-cond... no
 0:03.57 checking whether the C++ compiler supports -Wduplicated-cond... no
 0:03.59 checking whether the C++ compiler supports -Wimplicit-fallthrough... yes
 0:03.61 checking whether the C compiler supports -Wlogical-op... no
 0:03.63 checking whether the C++ compiler supports -Wlogical-op... no
 0:03.66 checking whether the C compiler supports -Wstring-conversion... yes
 0:03.68 checking whether the C++ compiler supports -Wstring-conversion... yes
 0:03.70 checking whether the C++ compiler supports -Wno-inline-new-delete... yes
 0:03.72 checking whether the C compiler supports -Wno-error=maybe-uninitialized... no
 0:03.74 checking whether the C++ compiler supports -Wno-error=maybe-uninitialized... no
 0:03.76 checking whether the C compiler supports -Wno-error=deprecated-declarations... yes
 0:03.78 checking whether the C++ compiler supports -Wno-error=deprecated-declarations... yes
 0:03.80 checking whether the C compiler supports -Wno-error=array-bounds... yes
 0:03.82 checking whether the C++ compiler supports -Wno-error=array-bounds... yes
 0:03.85 checking whether the C compiler supports -Wno-error=free-nonheap-object... yes
 0:03.87 checking whether the C++ compiler supports -Wno-error=free-nonheap-object... yes
 0:03.89 checking whether the C compiler supports -Wno-multistatement-macros... no
 0:03.91 checking whether the C++ compiler supports -Wno-multistatement-macros... no
 0:03.93 checking whether the C compiler supports -Wno-error=class-memaccess... no
 0:03.94 checking whether the C++ compiler supports -Wno-error=class-memaccess... no
 0:03.97 checking whether the C compiler supports -Wno-error=atomic-alignment... yes
 0:03.99 checking whether the C++ compiler supports -Wno-error=atomic-alignment... yes
 0:04.01 checking whether the C compiler supports -Wno-error=deprecated-builtins... yes
 0:04.03 checking whether the C++ compiler supports -Wno-error=deprecated-builtins... yes
 0:04.05 checking whether the C compiler supports -Wformat... yes
 0:04.08 checking whether the C++ compiler supports -Wformat... yes
 0:04.10 checking whether the C compiler supports -Wformat-security... yes
 0:04.12 checking whether the C++ compiler supports -Wformat-security... yes
 0:04.14 checking whether the C compiler supports -Wformat-overflow=2... no
 0:04.16 checking whether the C++ compiler supports -Wformat-overflow=2... no
 0:04.19 checking whether the C compiler supports -Werror=implicit-function-declaration... yes
 0:04.21 checking whether the C compiler supports -Wno-psabi... yes
 0:04.23 checking whether the C++ compiler supports -Wno-psabi... yes
 0:04.25 checking whether the C compiler supports -Wthread-safety... yes
 0:04.27 checking whether the C++ compiler supports -Wthread-safety... yes
 0:04.30 checking whether the C compiler supports -Wno-error=builtin-macro-redefined... yes
 0:04.32 checking whether the C++ compiler supports -Wno-error=builtin-macro-redefined... yes
 0:04.34 checking whether the C++ compiler supports -Wno-vla-cxx-extension... yes
 0:04.36 checking whether the C compiler supports -Wno-unknown-warning-option... yes
 0:04.38 checking whether the C++ compiler supports -Wno-unknown-warning-option... yes
 0:04.40 checking whether the C compiler supports -Wno-character-conversion... no
 0:04.42 checking whether the C++ compiler supports -Wno-character-conversion... no
 0:04.44 checking whether the C++ compiler supports -fno-sized-deallocation... yes
 0:04.47 checking whether the C++ compiler supports -fno-aligned-new... yes
 0:04.76 checking whether we're trying to statically link with libstdc++... no
 0:04.84 checking whether the linker supports Identical Code Folding... yes
 0:04.89 checking whether the C linker supports -Wl,--build-id=sha1... yes
 0:04.91 checking whether the C assembler supports -Wa,--noexecstack... yes
 0:04.97 checking whether the C linker supports -Wl,-z,noexecstack... yes
 0:05.03 checking whether the C linker supports -Wl,-z,text... yes
 0:05.08 checking whether the C linker supports -Wl,-z,relro... yes
 0:05.14 checking whether the C linker supports -Wl,-z,now... yes
 0:05.20 checking whether the C linker supports -Wl,-z,nocopyreloc... yes
 0:05.22 checking whether the C assembler supports -fPIC... yes
 0:05.24 checking whether the C compiler supports -fPIC... yes
 0:05.27 checking whether the C++ compiler supports -fPIC... yes
 0:05.32 checking what kind of list files are supported by the linker... linkerlist
 0:05.32 checking for llvm_profdata... /bin/llvm-profdata
 0:05.36 checking for readelf... /usr/lib/llvm-19/bin/llvm-readelf
 0:05.39 checking for objcopy... /usr/lib/llvm-19/bin/llvm-objcopy
 0:05.39 checking for alsa... yes
 0:05.39 checking MOZ_ALSA_CFLAGS...
 0:05.39 checking MOZ_ALSA_LIBS... -lasound
 0:05.39 checking for libpulse... yes
 0:05.39 checking MOZ_PULSEAUDIO_CFLAGS... -D_REENTRANT
 0:05.39 checking MOZ_PULSEAUDIO_LIBS... -lpulse -pthread
 0:05.39 checking for rustc... /home/lc/.cargo/bin/rustc
 0:05.39 checking for cargo... /home/lc/.cargo/bin/cargo
 0:05.44 Actually using '/home/lc/.rustup/toolchains/stable-x86_64-unknown-linux-gnu/bin/rustc'
 0:05.48 Actually using '/home/lc/.rustup/toolchains/stable-x86_64-unknown-linux-gnu/bin/cargo'
 0:05.49 checking rustc version... 1.92.0
 0:05.50 checking cargo version... 1.92.0
 0:05.54 checking for rust host triplet... x86_64-unknown-linux-gnu
 0:05.57 checking for rust target triplet... x86_64-unknown-linux-gnu
 0:05.57 checking for rustdoc... /home/lc/.cargo/bin/rustdoc
 0:05.58 checking for cbindgen... /home/lc/.cargo/bin/cbindgen
 0:05.58 checking for rustfmt... /home/lc/.cargo/bin/rustfmt
 0:05.58 checking for clang for bindgen... /bin/clang++
 0:05.59 checking for libclang for bindgen... /usr/lib/llvm-19/lib/libclang.so
 0:05.60 checking that libclang is new enough... yes
 0:05.60 checking bindgen cflags... ['-x', 'c++', '-fno-sized-deallocation', '-fno-aligned-new', '-DTRACING=1', '-DIMPL_LIBXUL', '-DMOZILLA_INTERNAL_API', '-DRUST_BINDGEN']
 0:05.61 checking for icu-uc icu-i18n >= 76.1... yes
 0:05.61 checking MOZ_ICU_CFLAGS...
 0:05.61 checking MOZ_ICU_LIBS... -licui18n -licuuc -licudata
 0:05.64 checking for tm_zone and tm_gmtoff in struct tm... yes
 0:05.69 checking for getpagesize... yes
 0:05.74 checking for gmtime_r... yes
 0:05.80 checking for localtime_r... yes
 0:05.85 checking for gettid... yes
 0:05.91 checking for setpriority... yes
 0:05.96 checking for syscall... yes
 0:06.02 checking for getc_unlocked... yes
 0:06.07 checking for pthread_getname_np... yes
 0:06.13 checking for pthread_get_name_np... no
 0:06.18 checking for strerror... yes
 0:06.24 checking for nl_langinfo and CODESET... yes
 0:06.30 checking for __cxa_demangle... yes
 0:06.35 checking for _getc_nolock... no
 0:06.41 checking for localeconv... yes
 0:06.43 checking for nodejs... /bin/node (20.19.2)
 0:06.43 checking for gtk+-wayland-3.0 >= 3.14 xkbcommon >= 0.4.1... yes
 0:06.44 checking MOZ_WAYLAND_CFLAGS... -I/usr/include/gtk-3.0 -I/usr/include/pango-1.0 -I/usr/include/glib-2.0 -I/usr/lib/x86_64-linux-gnu/glib-2.0/include -I/usr/include/sysprof-6 -I/usr/include/harfbuzz -I/usr/include/freetype2 -I/usr/include/libpng16 -I/usr/include/libmount -I/usr/include/blkid -I/usr/include/fribidi -I/usr/include/cairo -I/usr/include/pixman-1 -I/usr/include/gdk-pixbuf-2.0 -I/usr/include/x86_64-linux-gnu -I/usr/include/webp -I/usr/include/gio-unix-2.0 -I/usr/include/cloudproviders -I/usr/include/atk-1.0 -I/usr/include/at-spi2-atk/2.0 -I/usr/include/at-spi-2.0 -I/usr/include/dbus-1.0 -I/usr/lib/x86_64-linux-gnu/dbus-1.0/include -pthread
 0:06.44 checking MOZ_WAYLAND_LIBS... -lgtk-3 -lgdk-3 -lz -lpangocairo-1.0 -lpango-1.0 -lharfbuzz -latk-1.0 -lcairo-gobject -lcairo -lgdk_pixbuf-2.0 -lgio-2.0 -lgobject-2.0 -lglib-2.0 -lxkbcommon
 0:06.44 checking for pango >= 1.22.0... yes
 0:06.44 checking MOZ_PANGO_CFLAGS... -I/usr/include/pango-1.0 -I/usr/include/glib-2.0 -I/usr/lib/x86_64-linux-gnu/glib-2.0/include -I/usr/include/sysprof-6 -I/usr/include/harfbuzz -I/usr/include/freetype2 -I/usr/include/libpng16 -I/usr/include/libmount -I/usr/include/blkid -I/usr/include/fribidi -I/usr/include/cairo -I/usr/include/pixman-1 -pthread
 0:06.44 checking MOZ_PANGO_LIBS... -lpango-1.0 -lgobject-2.0 -lglib-2.0 -lharfbuzz
 0:06.44 checking for fontconfig >= 2.7.0... yes
 0:06.44 checking _FONTCONFIG_CFLAGS... -I/usr/include/freetype2 -I/usr/include/libpng16
 0:06.45 checking _FONTCONFIG_LIBS... -lfontconfig -lfreetype
 0:06.45 checking for freetype2 >= 9.10.3... yes
 0:06.45 checking _FT2_CFLAGS... -I/usr/include/freetype2 -I/usr/include/libpng16
 0:06.45 checking _FT2_LIBS... -lfreetype
 0:06.45 checking for tar... /bin/tar
 0:06.45 checking for unzip... /bin/unzip
 0:06.45 checking for the Mozilla API key... no
 0:06.45 checking for the Google Location Service API key... no
 0:06.45 checking for the Google Safebrowsing API key... no
 0:06.45 checking for the Bing API key... no
 0:06.45 checking for the Adjust SDK key... no
 0:06.45 checking for the Leanplum SDK key... no
 0:06.45 checking for the Pocket API key... no
 0:06.45 checking for x11 xcb xcb-shm x11-xcb xext xrandr >= 1.4.0 xcomposite xcursor xdamage xfixes xi... yes
 0:06.45 checking MOZ_X11_CFLAGS...
 0:06.45 checking MOZ_X11_LIBS... -lxcb-shm -lX11-xcb -lX11 -lxcb -lXext -lXrandr -lXcomposite -lXcursor -lXdamage -lXfixes -lXi
 0:06.45 checking for ice sm... yes
 0:06.45 checking MOZ_X11_SM_CFLAGS... -I/usr/include/uuid
 0:06.51 checking for stat64... yes
 0:06.56 checking for lstat64... yes
 0:06.62 checking for truncate64... yes
 0:06.67 checking for statvfs64... yes
 0:06.73 checking for statvfs... yes
 0:06.78 checking for statfs64... yes
 0:06.83 checking for statfs... yes
 0:06.89 checking for lutimes... yes
 0:06.94 checking for posix_fadvise... yes
 0:07.00 checking for posix_fallocate... yes
 0:07.05 checking for eventfd... yes
 0:07.11 checking for arc4random... yes
 0:07.16 checking for arc4random_buf... yes
 0:07.22 checking for mallinfo... yes
 0:07.24 checking for sys/ioccom.h... no
 0:07.32 checking for -z pack-relative-relocs option to ld... yes
 0:07.32 checking for vpx >= 1.10.0... yes
 0:07.32 checking MOZ_LIBVPX_CFLAGS...
 0:07.32 checking MOZ_LIBVPX_LIBS... -lvpx -lm
 0:07.34 checking for vpx/vpx_decoder.h... yes
 0:07.40 checking for vpx_codec_dec_init_ver... yes
 0:07.40 checking for nasm... /bin/nasm
 0:07.40 checking nasm version... 2.16.03
 0:07.40 checking for the wasm C compiler... /bin/clang
 0:07.42 checking whether the wasm C compiler can be used... yes
 0:07.42 checking the wasm C compiler version... 19.1.7
 0:07.44 checking the wasm C compiler works... yes
 0:07.47 checking the wasm C compiler can find wasi headers... yes
 0:07.53 checking the wasm C linker can find wasi libraries... yes
 0:07.53 checking for the wasm C++ compiler... /bin/clang++
 0:07.55 checking whether the wasm C++ compiler can be used... yes
 0:07.55 checking the wasm C++ compiler version... 19.1.7
 0:07.57 checking the wasm C++ compiler works... yes
 0:07.60 checking the wasm C++ compiler can find wasi headers... yes
 0:07.67 checking the wasm C++ linker can find wasi libraries... yes
 0:07.73 checking for clock() in wasi sysroot... no
 0:07.79 checking for emulated clock() in wasi sysroot... yes
 0:07.80 checking for dump_syms... not found
 0:07.85 checking for getcontext... yes
 0:07.86 checking for gthread-2.0... yes
 0:07.86 checking MOZ_GTHREAD_CFLAGS... -I/usr/include/glib-2.0 -I/usr/lib/x86_64-linux-gnu/glib-2.0/include -I/usr/include/sysprof-6 -pthread
 0:07.86 checking MOZ_GTHREAD_LIBS... -lgthread-2.0 -pthread -lglib-2.0
 0:07.86 checking for gtk+-3.0 >= 3.14.0 gtk+-unix-print-3.0 glib-2.0 gobject-2.0 gio-unix-2.0... yes
 0:07.88 checking MOZ_GTK3_CFLAGS... -I/usr/include/gtk-3.0 -I/usr/include/pango-1.0 -I/usr/include/glib-2.0 -I/usr/lib/x86_64-linux-gnu/glib-2.0/include -I/usr/include/sysprof-6 -I/usr/include/harfbuzz -I/usr/include/freetype2 -I/usr/include/libpng16 -I/usr/include/libmount -I/usr/include/blkid -I/usr/include/fribidi -I/usr/include/cairo -I/usr/include/pixman-1 -I/usr/include/gdk-pixbuf-2.0 -I/usr/include/x86_64-linux-gnu -I/usr/include/webp -I/usr/include/gio-unix-2.0 -I/usr/include/cloudproviders -I/usr/include/atk-1.0 -I/usr/include/at-spi2-atk/2.0 -I/usr/include/at-spi-2.0 -I/usr/include/dbus-1.0 -I/usr/lib/x86_64-linux-gnu/dbus-1.0/include -I/usr/include/gtk-3.0/unix-print -pthread
 0:07.88 checking MOZ_GTK3_LIBS... -lgtk-3 -lgdk-3 -lz -lpangocairo-1.0 -lpango-1.0 -lharfbuzz -latk-1.0 -lcairo-gobject -lcairo -lgdk_pixbuf-2.0 -lgio-2.0 -lgobject-2.0 -lglib-2.0
 0:07.88 checking for glib-2.0 >= 2.42 gobject-2.0... yes
 0:07.88 checking GLIB_CFLAGS... -I/usr/include/glib-2.0 -I/usr/lib/x86_64-linux-gnu/glib-2.0/include -I/usr/include/sysprof-6 -pthread
 0:07.88 checking GLIB_LIBS... -lgobject-2.0 -lglib-2.0
 0:07.88 checking for dbus-1 >= 0.60... yes
 0:07.88 checking MOZ_DBUS_CFLAGS... -I/usr/include/dbus-1.0 -I/usr/lib/x86_64-linux-gnu/dbus-1.0/include
 0:07.88 checking MOZ_DBUS_LIBS... -ldbus-1
 0:07.91 checking for sin_len in struct sockaddr_in... no
 0:07.93 checking for sin_len6 in struct sockaddr_in6... no
 0:07.96 checking for sa_len in struct sockaddr... no
 0:07.99 checking for pthread_cond_timedwait_monotonic_np... no
 0:08.01 checking for 32-bits ethtool_cmd.speed... yes
 0:08.05 checking for valid C compiler optimization flags... yes
 0:08.05 checking for awk... /bin/mawk
 0:08.05 checking for gmake... /bin/gmake
 0:08.05 checking for watchman... not found
 0:08.05 checking for xargs... /bin/xargs
 0:08.05 checking for rpmbuild... not found
 0:08.13 checking for strip... /usr/lib/llvm-19/bin/llvm-strip
 0:08.13 Creating config.status
 0:08.36 Reticulating splines...
 0:08.38 Traceback (most recent call last):
 0:08.38   File "/home/lc/projekty/OpenKomodoIDE/mozilla/build/moz1400-ko1410/mozilla/configure.py", line 328, in <module>
 0:08.38     sys.exit(main(sys.argv))
 0:08.38              ~~~~^^^^^^^^^^
 0:08.38   File "/home/lc/projekty/OpenKomodoIDE/mozilla/build/moz1400-ko1410/mozilla/configure.py", line 159, in main
 0:08.38     return config_status(config)
 0:08.38   File "/home/lc/projekty/OpenKomodoIDE/mozilla/build/moz1400-ko1410/mozilla/configure.py", line 277, in config_status
 0:08.38     return config_status(args=[], **sanitized_config)
 0:08.38   File "/home/lc/projekty/OpenKomodoIDE/mozilla/build/moz1400-ko1410/mozilla/python/mozbuild/mozbuild/config_status.py", line 201, in config_status
 0:08.38     pool = BackendPool(definitions, processes=processes)
 0:08.38   File "/home/lc/projekty/OpenKomodoIDE/mozilla/build/moz1400-ko1410/mozilla/python/mozbuild/mozbuild/config_status.py", line 54, in __init__
 0:08.38     definitions = list(definitions)
 0:08.38   File "/home/lc/projekty/OpenKomodoIDE/mozilla/build/moz1400-ko1410/mozilla/python/mozbuild/mozbuild/frontend/emitter.py", line 156, in emit
 0:08.38     objs = list(emitfn(out))
 0:08.38   File "/home/lc/projekty/OpenKomodoIDE/mozilla/build/moz1400-ko1410/mozilla/python/mozbuild/mozbuild/frontend/emitter.py", line 1516, in emit_from_context
 0:08.38     raise SandboxValidationError(
 0:08.38     ...<2 lines>...
 0:08.38     )
 0:08.38 mozbuild.frontend.reader.SandboxValidationError:
 0:08.38 ==============================
 0:08.38 FATAL ERROR PROCESSING MOZBUILD FILE
 0:08.38 ==============================
 0:08.38 
 0:08.38 The error occurred while processing the following file or one of the files it includes:
 0:08.38 
 0:08.38     /home/lc/projekty/OpenKomodoIDE/mozilla/build/moz1400-ko1410/mozilla/moz.build
 0:08.38 
 0:08.38 The error occurred when validating the result of the execution. The reported error is:
 0:08.38 
 0:08.38     File listed in OBJDIR_PP_FILES does not exist: /home/lc/projekty/OpenKomodoIDE/mozilla/build/moz1400-ko1410/mozilla/.cargo/config.toml.in
 0:08.38 
 0:08.38 
*** Fix above errors and then restart with "./mach build"

2026-01-11 23:27:27,804 - BuildSystem - ERROR - Please check the configuration and try again
