2026-01-10 19:54:49,177 - BuildSystem - INFO - Loaded configuration from /home/lc/projekty/OpenKomodoIDE/build_config.json
2026-01-10 19:54:49,177 - BuildSystem - INFO - Saved configuration to /home/lc/projekty/OpenKomodoIDE/build_config.json
2026-01-10 19:54:49,178 - BuildSystem - INFO - Configuring build using Firefox mach system...
2026-01-10 19:54:49,178 - BuildSystem - INFO - Creating .mozconfig file...
2026-01-10 19:54:49,178 - BuildSystem - INFO - Creating .mozconfig in /home/lc/projekty/OpenKomodoIDE/mozilla/build/moz14000-ko14.10/mozilla
2026-01-10 19:54:49,178 - BuildSystem - INFO - ✓ Created .mozconfig at /home/lc/projekty/OpenKomodoIDE/mozilla/build/moz14000-ko14.10/mozilla/.mozconfig
2026-01-10 19:54:49,178 - BuildSystem - INFO - Running: /home/lc/projekty/OpenKomodoIDE/mozilla/build/moz14000-ko14.10/mozilla/mach configure
2026-01-10 19:54:55,430 - BuildSystem - ERROR - ✗ Build configuration failed: /home/lc/.mozbuild/srcdirs/mozilla-a75811c90ce1/_virtualenvs/mach/lib/python3.11/site-packages/psutil/_pslinux.py:513: RuntimeWarning: shared, active, inactive memory stats couldn't be determined and were set to 0
  warnings.warn(msg, RuntimeWarning)

2026-01-10 19:54:55,431 - BuildSystem - ERROR - stdout:  0:00.38 Using Python 3.11.2 from /home/lc/.mozbuild/srcdirs/mozilla-a75811c90ce1/_virtualenvs/build/bin/python
 0:00.38 Adding configure options from /home/lc/projekty/OpenKomodoIDE/mozilla/build/moz14000-ko14.10/mozilla/.mozconfig
 0:00.38   --enable-release
 0:00.38   --disable-tests
 0:00.38   --enable-optimize
 0:00.38   --with-system-libvpx
 0:00.38   --with-system-icu
 0:00.38 checking for vcs source checkout... git
 0:00.41 checking for a shell... /bin/sh
 0:00.44 checking for host system type... x86_64-pc-linux-gnu
 0:00.44 checking for target system type... x86_64-pc-linux-gnu
 0:00.61 checking whether cross compiling... no
 0:00.65 checking if configuration file confvars.sh exists... /home/lc/projekty/OpenKomodoIDE/mozilla/build/moz14000-ko14.10/mozilla/browser/confvars.sh
 0:00.65 checking if configuration file configure.sh exists... /home/lc/projekty/OpenKomodoIDE/mozilla/build/moz14000-ko14.10/mozilla/browser/branding/unofficial/configure.sh
 0:00.68 checking for the target C compiler... /bin/clang
 0:00.68 checking for ccache... not found
 0:00.72 checking whether the target C compiler can be used... yes
 0:00.72 checking for the target C++ compiler... /bin/clang++
 0:00.78 checking whether the target C++ compiler can be used... yes
 0:00.80 checking for unwind.h... yes
 0:00.82 checking for target linker... bfd
 0:00.87 checking for _Unwind_Backtrace... yes
 0:00.88 checking for Python 3... /home/lc/.mozbuild/srcdirs/mozilla-a75811c90ce1/_virtualenvs/build/bin/python (3.11.2)
 0:00.88 checking for git... /bin/git
 0:00.88 checking for Git version... 2.39.5
 0:00.88 checking for wget... /bin/wget
 0:00.88 checking the target C compiler version... 14.0.6
 0:00.91 checking the target C compiler works... yes
 0:00.91 checking the target C++ compiler version... 14.0.6
 0:00.93 checking the target C++ compiler works... yes
 0:00.93 checking for the host C compiler... /bin/clang
 0:00.93 checking whether the host C compiler can be used... yes
 0:00.93 checking the host C compiler version... 14.0.6
 0:00.93 checking the host C compiler works... yes
 0:00.93 checking for the host C++ compiler... /bin/clang++
 0:00.93 checking whether the host C++ compiler can be used... yes
 0:00.93 checking the host C++ compiler version... 14.0.6
 0:00.93 checking the host C++ compiler works... yes
 0:00.95 checking for host linker... bfd
 0:00.98 checking for 64-bit OS... yes
 0:01.01 checking for new enough STL headers from libstdc++... yes
 0:01.10 checking for __thread keyword for TLS variables... yes
 0:01.11 checking for the assembler... /bin/clang
 0:01.12 checking for llvm-objdump... /bin/llvm-objdump
 0:01.15 checking for ar... /bin/llvm-ar
 0:01.18 checking whether ar supports response files... no
 0:01.20 checking for host_ar... /bin/llvm-ar
 0:01.22 checking for nm... /bin/llvm-nm
 0:01.24 checking for -mavxvnni support... yes
 0:01.27 checking for -mavx512bw support... yes
 0:01.29 checking for -mavx512vnni support... yes
 0:01.29 checking for pkg_config... /bin/pkg-config
 0:01.30 checking for pkg-config version... 1.8.1
 0:01.30 checking whether pkg-config is pkgconf... yes
 0:01.35 checking for strndup... yes
 0:01.40 checking for posix_memalign... yes
 0:01.45 checking for memalign... yes
 0:01.50 checking for malloc_usable_size... yes
 0:01.53 checking for malloc.h... yes
 0:01.56 checking whether malloc_usable_size definition can use const argument... no
 0:01.58 checking for stdint.h... yes
 0:01.61 checking for inttypes.h... yes
 0:01.63 checking for alloca.h... yes
 0:01.65 checking for sys/byteorder.h... no
 0:01.68 checking for getopt.h... yes
 0:01.71 checking for unistd.h... yes
 0:01.73 checking for nl_types.h... yes
 0:01.75 checking for cpuid.h... yes
 0:01.79 checking for fts.h... yes
 0:01.81 checking for sys/statvfs.h... yes
 0:01.83 checking for sys/statfs.h... yes
 0:01.86 checking for sys/vfs.h... yes
 0:01.89 checking for sys/mount.h... yes
 0:01.92 checking for sys/quota.h... yes
 0:01.95 checking for linux/quota.h... yes
 0:01.98 checking for linux/if_addr.h... yes
 0:02.01 checking for linux/rtnetlink.h... yes
 0:02.03 checking for sys/queue.h... yes
 0:02.06 checking for sys/types.h... yes
 0:02.09 checking for netinet/in.h... yes
 0:02.11 checking for byteswap.h... yes
 0:02.14 checking for memfd_create in sys/mman.h... yes
 0:02.22 checking for clock_gettime(CLOCK_MONOTONIC)... yes
 0:02.32 checking for res_ninit()... yes
 0:02.37 checking for dladdr... yes
 0:02.40 checking for dlfcn.h... yes
 0:02.45 checking for dlopen in -ldl... yes
 0:02.49 checking for gethostbyname_r in -lc_r... no
 0:02.53 checking for socket in -lsocket... no
 0:02.58 checking for pthread_create... yes
 0:02.61 checking for pthread.h... yes
 0:02.63 checking whether the C compiler supports -pthread... yes
 0:02.75 checking whether 64-bits std::atomic requires -latomic... no
 0:02.77 checking whether the C compiler supports -Wbitfield-enum-conversion... yes
 0:02.79 checking whether the C++ compiler supports -Wbitfield-enum-conversion... yes
 0:02.82 checking whether the C compiler supports -Wformat-type-confusion... yes
 0:02.84 checking whether the C++ compiler supports -Wformat-type-confusion... yes
 0:02.86 checking whether the C compiler supports -Wshadow-field-in-constructor-modified... yes
 0:02.88 checking whether the C++ compiler supports -Wshadow-field-in-constructor-modified... yes
 0:02.91 checking whether the C compiler supports -Wtautological-constant-in-range-compare... yes
 0:02.93 checking whether the C++ compiler supports -Wtautological-constant-in-range-compare... yes
 0:02.95 checking whether the C compiler supports -Wno-error=tautological-type-limit-compare... yes
 0:02.97 checking whether the C++ compiler supports -Wno-error=tautological-type-limit-compare... yes
 0:03.00 checking whether the C compiler supports -Wunreachable-code-return... yes
 0:03.02 checking whether the C++ compiler supports -Wunreachable-code-return... yes
 0:03.04 checking whether the C compiler supports -Wunused-but-set-parameter... yes
 0:03.07 checking whether the C++ compiler supports -Wunused-but-set-parameter... yes
 0:03.09 checking whether the C compiler supports -Wclass-varargs... yes
 0:03.11 checking whether the C++ compiler supports -Wclass-varargs... yes
 0:03.13 checking whether the C++ compiler supports -Wempty-init-stmt... yes
 0:03.15 checking whether the C compiler supports -Wfloat-overflow-conversion... yes
 0:03.17 checking whether the C++ compiler supports -Wfloat-overflow-conversion... yes
 0:03.20 checking whether the C compiler supports -Wfloat-zero-conversion... yes
 0:03.22 checking whether the C++ compiler supports -Wfloat-zero-conversion... yes
 0:03.24 checking whether the C compiler supports -Wloop-analysis... yes
 0:03.26 checking whether the C++ compiler supports -Wloop-analysis... yes
 0:03.28 checking whether the C compiler supports -Wno-range-loop-analysis... yes
 0:03.31 checking whether the C++ compiler supports -Wno-range-loop-analysis... yes
 0:03.33 checking whether the C++ compiler supports -Wcomma-subscript... no
 0:03.35 checking whether the C compiler supports -Wenum-compare-conditional... yes
 0:03.37 checking whether the C++ compiler supports -Wenum-compare-conditional... yes
 0:03.39 checking whether the C compiler supports -Wenum-float-conversion... yes
 0:03.41 checking whether the C++ compiler supports -Wenum-float-conversion... yes
 0:03.43 checking whether the C++ compiler supports -Wvolatile... no
 0:03.46 checking whether the C++ compiler supports -Wno-deprecated-anon-enum-enum-conversion... yes
 0:03.48 checking whether the C++ compiler supports -Wno-deprecated-enum-enum-conversion... yes
 0:03.50 checking whether the C++ compiler supports -Wno-deprecated-this-capture... yes
 0:03.52 checking whether the C++ compiler supports -Wcomma... yes
 0:03.54 checking whether the C compiler supports -Wduplicated-cond... no
 0:03.56 checking whether the C++ compiler supports -Wduplicated-cond... no
 0:03.58 checking whether the C++ compiler supports -Wimplicit-fallthrough... yes
 0:03.60 checking whether the C compiler supports -Wlogical-op... no
 0:03.62 checking whether the C++ compiler supports -Wlogical-op... no
 0:03.65 checking whether the C compiler supports -Wstring-conversion... yes
 0:03.67 checking whether the C++ compiler supports -Wstring-conversion... yes
 0:03.69 checking whether the C++ compiler supports -Wno-inline-new-delete... yes
 0:03.71 checking whether the C compiler supports -Wno-error=maybe-uninitialized... no
 0:03.73 checking whether the C++ compiler supports -Wno-error=maybe-uninitialized... no
 0:03.75 checking whether the C compiler supports -Wno-error=deprecated-declarations... yes
 0:03.77 checking whether the C++ compiler supports -Wno-error=deprecated-declarations... yes
 0:03.79 checking whether the C compiler supports -Wno-error=array-bounds... yes
 0:03.82 checking whether the C++ compiler supports -Wno-error=array-bounds... yes
 0:03.84 checking whether the C compiler supports -Wno-error=free-nonheap-object... yes
 0:03.86 checking whether the C++ compiler supports -Wno-error=free-nonheap-object... yes
 0:03.88 checking whether the C compiler supports -Wno-multistatement-macros... no
 0:03.90 checking whether the C++ compiler supports -Wno-multistatement-macros... no
 0:03.92 checking whether the C compiler supports -Wno-error=class-memaccess... no
 0:03.94 checking whether the C++ compiler supports -Wno-error=class-memaccess... no
 0:03.96 checking whether the C compiler supports -Wno-error=atomic-alignment... yes
 0:03.98 checking whether the C++ compiler supports -Wno-error=atomic-alignment... yes
 0:04.00 checking whether the C compiler supports -Wno-error=deprecated-builtins... no
 0:04.02 checking whether the C++ compiler supports -Wno-error=deprecated-builtins... no
 0:04.04 checking whether the C compiler supports -Wformat... yes
 0:04.07 checking whether the C++ compiler supports -Wformat... yes
 0:04.09 checking whether the C compiler supports -Wformat-security... yes
 0:04.11 checking whether the C++ compiler supports -Wformat-security... yes
 0:04.13 checking whether the C compiler supports -Wformat-overflow=2... no
 0:04.15 checking whether the C++ compiler supports -Wformat-overflow=2... no
 0:04.18 checking whether the C compiler supports -Werror=implicit-function-declaration... yes
 0:04.20 checking whether the C compiler supports -Wno-psabi... yes
 0:04.22 checking whether the C++ compiler supports -Wno-psabi... yes
 0:04.24 checking whether the C compiler supports -Wthread-safety... yes
 0:04.27 checking whether the C++ compiler supports -Wthread-safety... yes
 0:04.29 checking whether the C compiler supports -Wno-error=builtin-macro-redefined... yes
 0:04.31 checking whether the C++ compiler supports -Wno-error=builtin-macro-redefined... yes
 0:04.33 checking whether the C++ compiler supports -Wno-vla-cxx-extension... no
 0:04.35 checking whether the C compiler supports -Wno-unknown-warning-option... yes
 0:04.37 checking whether the C++ compiler supports -Wno-unknown-warning-option... yes
 0:04.39 checking whether the C compiler supports -Wno-character-conversion... no
 0:04.41 checking whether the C++ compiler supports -Wno-character-conversion... no
 0:04.43 checking whether the C++ compiler supports -fno-sized-deallocation... yes
 0:04.46 checking whether the C++ compiler supports -fno-aligned-new... yes
 0:04.76 checking whether we're trying to statically link with libstdc++... no
 0:04.80 checking whether the linker supports Identical Code Folding... no
 0:04.85 checking whether the C linker supports -Wl,--build-id=sha1... yes
 0:04.87 checking whether the C assembler supports -Wa,--noexecstack... yes
 0:04.92 checking whether the C linker supports -Wl,-z,noexecstack... yes
 0:04.97 checking whether the C linker supports -Wl,-z,text... yes
 0:05.02 checking whether the C linker supports -Wl,-z,relro... yes
 0:05.07 checking whether the C linker supports -Wl,-z,now... yes
 0:05.12 checking whether the C linker supports -Wl,-z,nocopyreloc... yes
 0:05.14 checking whether the C assembler supports -fPIC... yes
 0:05.17 checking whether the C compiler supports -fPIC... yes
 0:05.19 checking whether the C++ compiler supports -fPIC... yes
 0:05.23 checking what kind of list files are supported by the linker... linkerlist
 0:05.24 checking for llvm_profdata... /bin/llvm-profdata
 0:05.28 checking for readelf... /bin/llvm-readelf
 0:05.31 checking for objcopy... /bin/llvm-objcopy
 0:05.31 checking for alsa... yes
 0:05.31 checking MOZ_ALSA_CFLAGS...
 0:05.31 checking MOZ_ALSA_LIBS... -lasound
 0:05.31 checking for libpulse... yes
 0:05.31 checking MOZ_PULSEAUDIO_CFLAGS... -D_REENTRANT
 0:05.31 checking MOZ_PULSEAUDIO_LIBS... -lpulse -pthread
 0:05.32 checking for rustc... /home/lc/.cargo/bin/rustc
 0:05.32 checking for cargo... /home/lc/.cargo/bin/cargo
 0:05.48 Actually using '/home/lc/.rustup/toolchains/stable-x86_64-unknown-linux-gnu/bin/rustc'
 0:05.55 Actually using '/home/lc/.rustup/toolchains/stable-x86_64-unknown-linux-gnu/bin/cargo'
 0:05.56 checking rustc version... 1.92.0
 0:05.57 checking cargo version... 1.92.0
 0:05.85 checking for rust host triplet... x86_64-unknown-linux-gnu
 0:05.88 checking for rust target triplet... x86_64-unknown-linux-gnu
 0:05.88 checking for rustdoc... /home/lc/.cargo/bin/rustdoc
 0:05.89 checking for cbindgen... /home/lc/.cargo/bin/cbindgen
 0:05.89 checking for rustfmt... /home/lc/.cargo/bin/rustfmt
 0:05.89 checking for clang for bindgen... /bin/clang++
 0:05.91 checking for libclang for bindgen... /usr/lib/llvm-14/lib/libclang.so.1
 0:05.93 checking that libclang is new enough... yes
 0:05.93 checking bindgen cflags... ['-x', 'c++', '-fno-sized-deallocation', '-fno-aligned-new', '-DTRACING=1', '-DIMPL_LIBXUL', '-DMOZILLA_INTERNAL_API', '-DRUST_BINDGEN', '-std=gnu++17']
 0:05.93 checking for icu-uc icu-i18n >= 76.1... no
 0:05.93 ERROR: Package dependency requirement 'icu-i18n >= 76.1' could not be satisfied.
 0:05.93 ERROR: Package 'icu-i18n' has version '72.1', required version is '>= 76.1'
*** Fix above errors and then restart with "./mach build"

