2026-01-09 19:34:27,896 - BuildSystem - INFO - Loaded configuration from /home/lc/projekty/OpenKomodoIDE/build_config.json
2026-01-09 19:34:27,896 - BuildSystem - INFO - Saved configuration to /home/lc/projekty/OpenKomodoIDE/build_config.json
2026-01-09 19:34:27,896 - BuildSystem - INFO - Starting complete build process...
2026-01-09 19:34:27,896 - BuildSystem - INFO - ============================================================
2026-01-09 19:34:27,896 - BuildSystem - INFO - Setting up build environment...
2026-01-09 19:34:27,896 - BuildSystem - INFO - Environment set up for linux
2026-01-09 19:34:27,896 - BuildSystem - INFO - Checking dependencies...
2026-01-09 19:34:27,906 - BuildSystem - INFO - All required dependencies are available
2026-01-09 19:34:27,906 - BuildSystem - INFO - Cleaning build directory using mach...
2026-01-09 19:34:27,931 - BuildSystem - INFO - ✓ Build directory cleaned
2026-01-09 19:34:27,931 - BuildSystem - INFO - Checking Firefox source code...
2026-01-09 19:34:27,931 - BuildSystem - INFO - Verifying Firefox source code...
2026-01-09 19:34:27,931 - BuildSystem - ERROR - ✗ Firefox source code incomplete. Missing files: configure, browser, toolkit
2026-01-09 19:34:27,931 - BuildSystem - ERROR - ✗ Existing Firefox source code at /home/lc/projekty/OpenKomodoIDE/mozilla/build/moz1400-ko120/mozilla is incomplete
2026-01-09 19:34:27,931 - BuildSystem - INFO - Removing incomplete source and redownloading...
2026-01-09 19:34:27,931 - BuildSystem - INFO - ✗ Firefox source code not found at: /home/lc/projekty/OpenKomodoIDE/mozilla/build/moz1400-ko120/mozilla
2026-01-09 19:34:27,931 - BuildSystem - INFO - Downloading Firefox 140 ESR source code...
2026-01-09 19:34:27,931 - BuildSystem - INFO - Downloading from: https://archive.mozilla.org/pub/firefox/releases/140.0esr/source/firefox-140.0esr.source.tar.xz
2026-01-09 19:34:27,931 - BuildSystem - INFO - Using wget to download Firefox source...
2026-01-09 19:34:27,932 - BuildSystem - INFO - ⚠ This may take a while (~200MB download)...
