2026-01-19 16:06:50,489 - BuildSystem - INFO - Loaded configuration from /home/lc/projekty/OpenKomodoIDE/build_config.json
2026-01-19 16:06:50,489 - BuildSystem - INFO - Saved configuration to /home/lc/projekty/OpenKomodoIDE/build_config.json
2026-01-19 16:06:50,490 - BuildSystem - INFO - Starting complete build process...
2026-01-19 16:06:50,490 - BuildSystem - INFO - ============================================================
2026-01-19 16:06:50,490 - BuildSystem - INFO - Setting up build environment...
2026-01-19 16:06:50,490 - BuildSystem - INFO - Environment set up for linux
2026-01-19 16:06:50,490 - BuildSystem - INFO - Checking dependencies...
2026-01-19 16:06:50,496 - BuildSystem - INFO - All required dependencies are available
2026-01-19 16:06:50,496 - BuildSystem - INFO - Checking Firefox source code...
2026-01-19 16:06:50,496 - BuildSystem - INFO - Verifying Firefox source code...
2026-01-19 16:06:50,496 - BuildSystem - INFO - ✓ Firefox source code verified and ready at: /home/lc/projekty/OpenKomodoIDE/mozilla/build/moz1400-ko1410/mozilla
2026-01-19 16:06:50,496 - BuildSystem - INFO - ✓ Firefox source code found at: /home/lc/projekty/OpenKomodoIDE/mozilla/build/moz1400-ko1410/mozilla
2026-01-19 16:06:50,496 - BuildSystem - INFO - Configuring build using Firefox mach system...
2026-01-19 16:06:50,496 - BuildSystem - INFO - Running: /home/lc/projekty/OpenKomodoIDE/mozilla/build/moz1400-ko1410/mozilla/mach configure
2026-01-19 16:06:50,697 - BuildSystem - ERROR - ✗ Build configuration failed: 
2026-01-19 16:06:50,697 - BuildSystem - ERROR - stdout: Error running mach:

    mach configure

The error occurred in mach itself. This is likely a bug in mach itself or a
fundamental problem with a loaded module.

You can invoke ``./mach busted`` to check if this issue is already on file. If it
isn't, please use ``./mach busted file general`` to report it. If ``./mach busted`` is
misbehaving, you can also inspect the dependencies of bug 1543241.

If filing a bug, please include the full output of mach, including this error
message.

The details of the failure are as follows:

mozbuild.configure.ConfigureError: Cannot include `/home/lc/projekty/OpenKomodoIDE/mozilla/build/moz1400-ko1410/mozilla/moz.configure` because it is not in a subdirectory of `/home/lc/projekty/OpenKomodoIDE/mozilla/build/moz1400-ko1410/mozilla/build/moz.configure`

  File "/home/lc/projekty/OpenKomodoIDE/mozilla/build/moz1400-ko1410/mozilla/build/../python/mach/mach/main.py", line 267, in run
    return self._run(argv)
           ~~~~~~~~~^^^^^^
  File "/home/lc/projekty/OpenKomodoIDE/mozilla/build/moz1400-ko1410/mozilla/build/../python/mach/mach/main.py", line 356, in _run
    report_invocation_metrics(context.telemetry, handler.name)
    ~~~~~~~~~~~~~~~~~~~~~~~~~^^^^^^^^^^^^^^^^^^^^^^^^^^^^^^^^^
  File "/home/lc/projekty/OpenKomodoIDE/mozilla/build/moz1400-ko1410/mozilla/build/../python/mach/mach/telemetry.py", line 81, in report_invocation_metrics
    filter_args(command, sys.argv, instance.topsrcdir, instance.topobjdir)
                                                       ^^^^^^^^^^^^^^^^^^
  File "/home/lc/projekty/OpenKomodoIDE/mozilla/build/moz1400-ko1410/mozilla/build/../python/mozbuild/mozbuild/base.py", line 247, in topobjdir
    self._topobjdir = self.resolve_mozconfig_topobjdir(
                      ~~~~~~~~~~~~~~~~~~~~~~~~~~~~~~~~^
        default="obj-@CONFIG_GUESS@"
        ^^^^^^^^^^^^^^^^^^^^^^^^^^^^
    )
    ^
  File "/home/lc/projekty/OpenKomodoIDE/mozilla/build/moz1400-ko1410/mozilla/build/../python/mozbuild/mozbuild/base.py", line 189, in resolve_mozconfig_topobjdir
    topobjdir = self.mozconfig.get("topobjdir") or default
                ^^^^^^^^^^^^^^
  File "/home/lc/projekty/OpenKomodoIDE/mozilla/build/moz1400-ko1410/mozilla/build/../python/mozbuild/mozbuild/base.py", line 350, in mozconfig
    return self.base_mozconfig_info["mozconfig"]
           ^^^^^^^^^^^^^^^^^^^^^^^^
  File "/home/lc/projekty/OpenKomodoIDE/mozilla/build/moz1400-ko1410/mozilla/build/../python/mozbuild/mozbuild/base.py", line 340, in base_mozconfig_info
    return self.get_base_mozconfig_info(
           ~~~~~~~~~~~~~~~~~~~~~~~~~~~~^
        self.topsrcdir, self._mozconfig, os.environ.get("MOZCONFIG")
        ^^^^^^^^^^^^^^^^^^^^^^^^^^^^^^^^^^^^^^^^^^^^^^^^^^^^^^^^^^^^
    )
    ^
  File "/home/lc/projekty/OpenKomodoIDE/mozilla/build/moz1400-ko1410/mozilla/build/../python/mozbuild/mozbuild/util.py", line 909, in __call__
    self[args] = self.func(*args)
                 ~~~~~~~~~^^^^^^^
  File "/home/lc/projekty/OpenKomodoIDE/mozilla/build/moz1400-ko1410/mozilla/build/../python/mozbuild/mozbuild/base.py", line 323, in get_base_mozconfig_info
    sandbox.include_file(os.path.join(base_dir, "init.configure"))
    ~~~~~~~~~~~~~~~~~~~~^^^^^^^^^^^^^^^^^^^^^^^^^^^^^^^^^^^^^^^^^^
  File "/home/lc/projekty/OpenKomodoIDE/mozilla/build/moz1400-ko1410/mozilla/build/../python/mozbuild/mozbuild/configure/__init__.py", line 498, in include_file
    exec(code, self)
    ~~~~^^^^^^^^^^^^
  File "/home/lc/projekty/OpenKomodoIDE/mozilla/build/moz1400-ko1410/mozilla/build/moz.configure/init.configure", line 9, in <module>
    include('../../moz.configure')
    ~~~~~~~^^^^^^^^^^^^^^^^^^^^^^^
  File "/home/lc/projekty/OpenKomodoIDE/mozilla/build/moz1400-ko1410/mozilla/build/../python/mozbuild/mozbuild/configure/__init__.py", line 872, in include_impl
    self.include_file(what)
    ~~~~~~~~~~~~~~~~~^^^^^^
  File "/home/lc/projekty/OpenKomodoIDE/mozilla/build/moz1400-ko1410/mozilla/build/../python/mozbuild/mozbuild/configure/__init__.py", line 481, in include_file
    raise ConfigureError(
    ...<2 lines>...
    )

2026-01-19 16:06:50,697 - BuildSystem - ERROR - Please check the configuration and try again
