2026-01-11 09:06:36,644 - BuildSystem - INFO - Loaded configuration from /home/lc/projekty/OpenKomodoIDE/build_config.json
2026-01-11 09:06:36,644 - BuildSystem - INFO - Saved configuration to /home/lc/projekty/OpenKomodoIDE/build_config.json
2026-01-11 09:06:36,644 - BuildSystem - INFO - Delegating to legacy mozilla build system: configure_mozilla
2026-01-11 09:06:36,644 - BuildSystem - INFO - Running: python3 /home/lc/projekty/OpenKomodoIDE/mozilla/build.py configure_mozilla
2026-01-11 09:06:36,748 - BuildSystem - ERROR - ✗ Legacy build command 'configure_mozilla' failed: /home/lc/projekty/OpenKomodoIDE/mozilla/build.py:166: SyntaxWarning: invalid escape sequence '\d'
  changenum = int(re.match("(\d+)", changestr).group(1))
/home/lc/projekty/OpenKomodoIDE/mozilla/build.py:428: SyntaxWarning: invalid escape sequence '\d'
  patterns = [re.compile("\d+\.\d+")]
/home/lc/projekty/OpenKomodoIDE/mozilla/build.py:1167: SyntaxWarning: invalid escape sequence '\d'
  if not re.match("^\d+\.\d+$", optarg):
/home/lc/projekty/OpenKomodoIDE/mozilla/build.py:1629: SyntaxWarning: invalid escape sequence '\%'
  %%MOZ_OBJDIR%%\%s
/home/lc/projekty/OpenKomodoIDE/mozilla/build.py:2992: SyntaxWarning: invalid escape sequence '\w'
  _remote_path_re = re.compile("(\w+@)?\w+:/(?!/)")
/home/lc/projekty/OpenKomodoIDE/mozilla/../util/preprocess.py:448: SyntaxWarning: invalid escape sequence '\s'
  stmts = ['#\s*(?P<op>if|elif|ifdef|ifndef)\s+(?P<expr>.*?)',
/home/lc/projekty/OpenKomodoIDE/mozilla/../util/preprocess.py:449: SyntaxWarning: invalid escape sequence '\s'
  '#\s*(?P<op>else|endif)',
/home/lc/projekty/OpenKomodoIDE/mozilla/../util/preprocess.py:450: SyntaxWarning: invalid escape sequence '\s'
  '#\s*(?P<op>error)\s+(?P<error>.*?)',
/home/lc/projekty/OpenKomodoIDE/mozilla/../util/preprocess.py:451: SyntaxWarning: invalid escape sequence '\s'
  '#\s*(?P<op>define)\s+(?P<var>[^\s]*?)(\s+(?P<val>.+?))?',
/home/lc/projekty/OpenKomodoIDE/mozilla/../util/preprocess.py:452: SyntaxWarning: invalid escape sequence '\s'
  '#\s*(?P<op>undef)\s+(?P<var>[^\s]*?)',
/home/lc/projekty/OpenKomodoIDE/mozilla/../util/preprocess.py:453: SyntaxWarning: invalid escape sequence '\s'
  '#\s*(?P<op>include)\s+"(?P<fname>.*?)"',
/home/lc/projekty/OpenKomodoIDE/mozilla/../util/platinfo.py:411: SyntaxWarning: invalid escape sequence '\d'
  elif re.match("i\d86", arch):
/home/lc/projekty/OpenKomodoIDE/mozilla/../util/platinfo.py:591: SyntaxWarning: invalid escape sequence '\s'
  "distro": re.compile("^Distributor ID:\s+(.*?)\s*$"),
/home/lc/projekty/OpenKomodoIDE/mozilla/../util/platinfo.py:592: SyntaxWarning: invalid escape sequence '\s'
  "distro_desc": re.compile("^Description:\s+(.*?)\s*$"),
/home/lc/projekty/OpenKomodoIDE/mozilla/../util/platinfo.py:593: SyntaxWarning: invalid escape sequence '\s'
  "distro_ver": re.compile("^Release:\s+(.*?)\s*$"),
/home/lc/projekty/OpenKomodoIDE/mozilla/../util/platinfo.py:594: SyntaxWarning: invalid escape sequence '\s'
  "distro_codename": re.compile("^Codename:\s+(.*?)\s*$"),
/home/lc/projekty/OpenKomodoIDE/mozilla/../util/platinfo.py:595: SyntaxWarning: invalid escape sequence '\s'
  "lsb_version": re.compile("^LSB Version:\s+(.*?)\s*$"),
/home/lc/projekty/OpenKomodoIDE/mozilla/../util/platinfo.py:628: SyntaxWarning: invalid escape sequence '\d'
  "redhat": re.compile("^Red Hat Linux release ([\d\.]+)"),
/home/lc/projekty/OpenKomodoIDE/mozilla/../util/platinfo.py:630: SyntaxWarning: invalid escape sequence '\d'
  "fedora": re.compile("^Fedora release ([\d\.]+)"),
/home/lc/projekty/OpenKomodoIDE/mozilla/../util/platinfo.py:631: SyntaxWarning: invalid escape sequence '\d'
  "fedoracore": re.compile("^Fedora Core release ([\d\.]+)"),
/home/lc/projekty/OpenKomodoIDE/mozilla/../util/platinfo.py:632: SyntaxWarning: invalid escape sequence '\d'
  "mandrake": re.compile("^Mandrake Linux release ([\d\.]+)"),
/home/lc/projekty/OpenKomodoIDE/mozilla/../util/platinfo.py:634: SyntaxWarning: invalid escape sequence '\w'
  "rhel": re.compile("^Red Hat Enterprise Linux \w{2} release ([\d\.]+)"),
/home/lc/projekty/OpenKomodoIDE/mozilla/../util/platinfo.py:635: SyntaxWarning: invalid escape sequence '\d'
  "centos": re.compile("^CentOS release ([\d\.]+)"),
/home/lc/projekty/OpenKomodoIDE/mozilla/../util/platinfo.py:636: SyntaxWarning: invalid escape sequence '\d'
  "suse": re.compile("^SuSE Linux ([\d\.]+)"),
/home/lc/projekty/OpenKomodoIDE/mozilla/../util/platinfo.py:637: SyntaxWarning: invalid escape sequence '\d'
  "opensuse": re.compile("^openSUSE ([\d\.]+)"),
/home/lc/projekty/OpenKomodoIDE/mozilla/../util/platinfo.py:638: SyntaxWarning: invalid escape sequence '\d'
  "debian": re.compile("^([\d\.]+)"),
/home/lc/projekty/OpenKomodoIDE/mozilla/../util/platinfo.py:639: SyntaxWarning: invalid escape sequence '\d'
  "slackware": re.compile("^Slackware ([\d\.]+)"),
/home/lc/projekty/OpenKomodoIDE/mozilla/../util/platinfo.py:640: SyntaxWarning: invalid escape sequence '\d'
  "gentoo": re.compile("^Gentoo Base System release ([\d\.]+)"),
/home/lc/projekty/OpenKomodoIDE/mozilla/../util/platinfo.py:800: SyntaxWarning: invalid escape sequence '\.'
  bits = [b for b in re.split("(\.|[a-z])", ver_str) if b != '.']
build: info: target: configure_mozilla
Traceback (most recent call last):
  File "/home/lc/projekty/OpenKomodoIDE/mozilla/build.py", line 3228, in <module>
    sys.exit( main(sys.argv) )
              ~~~~^^^^^^^^^^
  File "/home/lc/projekty/OpenKomodoIDE/mozilla/build.py", line 3224, in main
    return build(args)
  File "/home/lc/projekty/OpenKomodoIDE/mozilla/build.py", line 3049, in build
    newArgv = targetFunc(argv)
  File "/home/lc/projekty/OpenKomodoIDE/mozilla/build.py", line 2517, in target_configure_mozilla
    config = _importConfig()
  File "/home/lc/projekty/OpenKomodoIDE/mozilla/build.py", line 278, in _importConfig
    import imp
ModuleNotFoundError: No module named 'imp'

