2026-01-20 11:29:52,605 - BuildSystem - INFO - Loaded configuration from /home/lc/projekty/OpenKomodoIDE/build_config.json
2026-01-20 11:29:52,606 - BuildSystem - INFO - Saved configuration to /home/lc/projekty/OpenKomodoIDE/build_config.json
2026-01-20 11:29:52,606 - BuildSystem - INFO - Configuring build using Firefox mach system...
2026-01-20 11:29:52,606 - BuildSystem - INFO - Running: /home/lc/projekty/OpenKomodoIDE/mozilla/build/moz1400-ko1410/mozilla/mach configure
2026-01-20 11:29:52,825 - BuildSystem - ERROR - ✗ Build configuration failed: 
2026-01-20 11:29:52,826 - BuildSystem - ERROR - stdout: Error running mach:

    mach configure

The error occurred in mach itself. This is likely a bug in mach itself or a
fundamental problem with a loaded module.

You can invoke ``./mach busted`` to check if this issue is already on file. If it
isn't, please use ``./mach busted file general`` to report it. If ``./mach busted`` is
misbehaving, you can also inspect the dependencies of bug 1543241.

If filing a bug, please include the full output of mach, including this error
message.

The details of the failure are as follows:

TypeError: MozbuildObject.__init__() missing 2 required positional arguments: 'settings' and 'log_manager'

  File "/home/lc/projekty/OpenKomodoIDE/mozilla/build/moz1400-ko1410/mozilla/build/../python/mach/mach/main.py", line 267, in run
    return self._run(argv)
           ~~~~~~~~~^^^^^^
  File "/home/lc/projekty/OpenKomodoIDE/mozilla/build/moz1400-ko1410/mozilla/build/../python/mach/mach/main.py", line 356, in _run
    report_invocation_metrics(context.telemetry, handler.name)
    ~~~~~~~~~~~~~~~~~~~~~~~~~^^^^^^^^^^^^^^^^^^^^^^^^^^^^^^^^^
  File "/home/lc/projekty/OpenKomodoIDE/mozilla/build/moz1400-ko1410/mozilla/build/../python/mach/mach/telemetry.py", line 72, in report_invocation_metrics
    instance = MozbuildObject.from_environment()
  File "/home/lc/projekty/OpenKomodoIDE/mozilla/build/moz1400-ko1410/mozilla/build/../python/mozbuild/mozbuild/base.py", line 196, in from_environment
    return cls(
        context, topobjdir=topobjdir, mozconfig=mozconfig, **kwargs
    )

2026-01-20 11:29:52,826 - BuildSystem - ERROR - Please check the configuration and try again
