2026-01-10 19:52:57,378 - BuildSystem - INFO - Saved configuration to /home/lc/projekty/OpenKomodoIDE/build_config.json
2026-01-10 19:52:57,378 - BuildSystem - INFO - Configuring build using Firefox mach system...
2026-01-10 19:52:57,378 - BuildSystem - INFO - Running: /home/lc/projekty/OpenKomodoIDE/mozilla/build/moz14000-ko14.10/mozilla/mach configure
2026-01-10 19:53:00,233 - BuildSystem - ERROR - ✗ Build configuration failed: /home/lc/.mozbuild/srcdirs/mozilla-a75811c90ce1/_virtualenvs/mach/lib/python3.11/site-packages/psutil/_pslinux.py:513: RuntimeWarning: shared, active, inactive memory stats couldn't be determined and were set to 0
  warnings.warn(msg, RuntimeWarning)

2026-01-10 19:53:00,233 - BuildSystem - ERROR - stdout:  0:00.77 Using Python 3.11.2 from /home/lc/.mozbuild/srcdirs/mozilla-a75811c90ce1/_virtualenvs/build/bin/python
 0:00.77 Adding configure options from /home/lc/projekty/OpenKomodoIDE/mozilla/build/moz14000-ko14.10/mozilla/.mozconfig
 0:00.77   --enable-linker=gold
 0:00.77   --disable-tests
 0:00.77   --enable-optimize
 0:00.77   --disable-debug
 0:00.77   --enable-application=komodo
 0:00.77   CC=/bin/gcc
 0:00.77   CXX=/bin/g++
 0:00.77 checking for vcs source checkout... git
 0:00.77 ERROR: Cannot find project komodo
Creating local state directory: /home/lc/.mozbuild/srcdirs/mozilla-a75811c90ce1
Creating the 'mach' site at /home/lc/.mozbuild/srcdirs/mozilla-a75811c90ce1/_virtualenvs/mach
Creating the 'build' site at /home/lc/.mozbuild/srcdirs/mozilla-a75811c90ce1/_virtualenvs/build
*** Fix above errors and then restart with "./mach build"

