2026-01-11 09:07:48,023 - BuildSystem - INFO - Loaded configuration from /home/lc/projekty/OpenKomodoIDE/build_config.json
2026-01-11 09:07:48,024 - BuildSystem - INFO - Saved configuration to /home/lc/projekty/OpenKomodoIDE/build_config.json
2026-01-11 09:07:48,024 - BuildSystem - INFO - Delegating to legacy mozilla build system: configure_mozilla
2026-01-11 09:07:48,024 - BuildSystem - INFO - Running: python3 /home/lc/projekty/OpenKomodoIDE/mozilla/build.py configure_mozilla
2026-01-11 09:07:48,335 - BuildSystem - ERROR - ✗ Legacy build command 'configure_mozilla' failed: /home/lc/projekty/OpenKomodoIDE/mozilla/build.py:166: SyntaxWarning: invalid escape sequence '\d'
  changenum = int(re.match("(\d+)", changestr).group(1))
/home/lc/projekty/OpenKomodoIDE/mozilla/build.py:434: SyntaxWarning: invalid escape sequence '\d'
  patterns = [re.compile("\d+\.\d+")]
/home/lc/projekty/OpenKomodoIDE/mozilla/build.py:1173: SyntaxWarning: invalid escape sequence '\d'
  if not re.match("^\d+\.\d+$", optarg):
/home/lc/projekty/OpenKomodoIDE/mozilla/build.py:1635: SyntaxWarning: invalid escape sequence '\%'
  %%MOZ_OBJDIR%%\%s
/home/lc/projekty/OpenKomodoIDE/mozilla/build.py:2998: SyntaxWarning: invalid escape sequence '\w'
  _remote_path_re = re.compile("(\w+@)?\w+:/(?!/)")
build: info: target: configure_mozilla
build: info: create '/home/lc/projekty/OpenKomodoIDE/mozilla/build/moz14000-ko14.10/mozilla/.mozconfig' and point MOZCONFIG to it
build: info: Using system autoconf for Firefox 140 ESR
perl: warning: Setting locale failed.
perl: warning: Please check that your locale settings:
	LANGUAGE = (unset),
	LC_ALL = "en_US.UTF-8",
	LC_CTYPE = (unset),
	LC_NUMERIC = (unset),
	LC_COLLATE = (unset),
	LC_TIME = (unset),
	LC_MESSAGES = (unset),
	LC_MONETARY = (unset),
	LC_ADDRESS = (unset),
	LC_IDENTIFICATION = (unset),
	LC_MEASUREMENT = (unset),
	LC_PAPER = (unset),
	LC_TELEPHONE = (unset),
	LC_NAME = (unset),
	LANG = "C.UTF-8"
    are supported and installed on your system.
perl: warning: Falling back to a fallback locale ("C.UTF-8").
build: info: Using modern autoconf version 2.72 for Firefox 140 ESR
build: info: Using modern configure system for Firefox 140 ESR
build: info: running '../configure' in '/home/lc/projekty/OpenKomodoIDE/mozilla/build/moz14000-ko14.10/mozilla/obj-x86_64-pc-linux-gnu'
ERROR: Cannot find project komodo
Traceback (most recent call last):
  File "/home/lc/projekty/OpenKomodoIDE/mozilla/build.py", line 3234, in <module>
    sys.exit( main(sys.argv) )
              ~~~~^^^^^^^^^^
  File "/home/lc/projekty/OpenKomodoIDE/mozilla/build.py", line 3230, in main
    return build(args)
  File "/home/lc/projekty/OpenKomodoIDE/mozilla/build.py", line 3055, in build
    newArgv = targetFunc(argv)
  File "/home/lc/projekty/OpenKomodoIDE/mozilla/build.py", line 2569, in target_configure_mozilla
    _run_in_dir(cmd, objDir, log.info)
    ~~~~~~~~~~~^^^^^^^^^^^^^^^^^^^^^^^
  File "/home/lc/projekty/OpenKomodoIDE/mozilla/build.py", line 272, in _run_in_dir
    _run(cmd, logstream=None)
    ~~~~^^^^^^^^^^^^^^^^^^^^^
  File "/home/lc/projekty/OpenKomodoIDE/mozilla/build.py", line 254, in _run
    raise OSError("error running '%s': %r" % (cmd, status))
OSError: error running '../configure': 1

2026-01-11 09:07:48,335 - BuildSystem - ERROR - stdout: Using Python 3.13.5 from /bin/python3
Created Python 3 virtualenv
Adding configure options from /home/lc/projekty/OpenKomodoIDE/mozilla/build/moz14000-ko14.10/mozilla/.mozconfig
  --enable-linker=gold
  --disable-tests
  --enable-optimize
  --disable-debug
  --enable-application=komodo
  CC=/bin/gcc
  CXX=/bin/g++
checking for vcs source checkout... git

