2026-03-12 20:26:36,553 - BuildSystem - INFO - Loaded configuration from /home/lc/projekty/OpenKomodoIDE/build_config.json
2026-03-12 20:26:36,554 - BuildSystem - INFO - Saved configuration to /home/lc/projekty/OpenKomodoIDE/build_config.json
2026-03-12 20:26:36,554 - BuildSystem - INFO - Starting complete build process...
2026-03-12 20:26:36,554 - BuildSystem - INFO - ============================================================
2026-03-12 20:26:36,554 - BuildSystem - INFO - Setting up build environment...
2026-03-12 20:26:36,554 - BuildSystem - INFO - Environment set up for linux
2026-03-12 20:26:36,554 - BuildSystem - INFO - Checking dependencies...
2026-03-12 20:26:36,572 - BuildSystem - INFO - All required dependencies are available
2026-03-12 20:26:36,572 - BuildSystem - INFO - Checking Firefox source code...
2026-03-12 20:26:36,572 - BuildSystem - INFO - Verifying Firefox source code...
2026-03-12 20:26:36,572 - BuildSystem - INFO - ✓ Firefox source code verified and ready at: /home/lc/projekty/OpenKomodoIDE/mozilla/build/moz1400-ko1410/mozilla
2026-03-12 20:26:36,572 - BuildSystem - INFO - ✓ Firefox source code found at: /home/lc/projekty/OpenKomodoIDE/mozilla/build/moz1400-ko1410/mozilla
2026-03-12 20:26:36,572 - BuildSystem - INFO - Configuring build using Firefox mach system...
2026-03-12 20:26:36,572 - BuildSystem - INFO - Running: /home/lc/projekty/OpenKomodoIDE/mozilla/build/moz1400-ko1410/mozilla/mach configure
2026-03-12 20:26:46,541 - BuildSystem - INFO - ✓ Build configuration successful
2026-03-12 20:26:46,541 - BuildSystem - INFO - Building targets: all
2026-03-12 20:26:46,541 - BuildSystem - INFO - 
Building target: all
2026-03-12 20:26:46,541 - BuildSystem - INFO - Running: /home/lc/projekty/OpenKomodoIDE/mozilla/build/moz1400-ko1410/mozilla/mach build
2026-03-12 20:26:47,411 - BuildSystem - WARNING - ⚠ Target all completed with warnings (non-critical)
2026-03-12 20:26:47,411 - BuildSystem - INFO - ✓ Target all built successfully
2026-03-12 20:26:47,411 - BuildSystem - INFO - 
Building Komodo-specific components...
2026-03-12 20:26:47,411 - BuildSystem - INFO - Starting Komodo components build...
2026-03-12 20:26:47,411 - BuildSystem - INFO - Delegating to legacy mozilla build system: komodoapp
2026-03-12 20:26:47,411 - BuildSystem - INFO - Running: python3 /home/lc/projekty/OpenKomodoIDE/mozilla/build.py komodoapp
2026-03-12 20:26:47,493 - BuildSystem - INFO - ✓ Legacy build command 'komodoapp' completed successfully
2026-03-12 20:26:47,493 - BuildSystem - INFO - ✓ Komodo app components built successfully
2026-03-12 20:26:47,493 - BuildSystem - INFO - Creating packages using modern mach approach...
2026-03-12 20:26:49,103 - BuildSystem - WARNING - ⚠ Modern package creation failed: /home/lc/.mozbuild/srcdirs/mozilla-9bd3f734fd8c/_virtualenvs/mach/lib/python3.13/site-packages/psutil/_pslinux.py:513: RuntimeWarning: shared, active, inactive memory stats couldn't be determined and were set to 0
  warnings.warn(msg, RuntimeWarning)
/home/lc/.mozbuild/srcdirs/mozilla-9bd3f734fd8c/_virtualenvs/mach/lib/python3.13/site-packages/psutil/_pslinux.py:547: RuntimeWarning: 'sin' and 'sout' swap memory stats couldn't be determined and were set to 0 ([Errno 2] No such file or directory: '/proc/vmstat')
  warnings.warn(msg, RuntimeWarning)
/home/lc/.mozbuild/srcdirs/mozilla-9bd3f734fd8c/_virtualenvs/mach/lib/python3.13/site-packages/psutil/_pslinux.py:513: RuntimeWarning: shared, active, inactive memory stats couldn't be determined and were set to 0
  warnings.warn(msg, RuntimeWarning)

2026-03-12 20:26:49,103 - BuildSystem - INFO - Trying legacy 'mach package' approach...
2026-03-12 20:26:49,923 - BuildSystem - WARNING - ⚠ Legacy package creation also failed: 
2026-03-12 20:26:49,924 - BuildSystem - INFO - Collecting existing build artifacts...
2026-03-12 20:26:49,924 - BuildSystem - INFO - ✓ Found 25 build artifacts:
2026-03-12 20:26:49,924 - BuildSystem - INFO -   - /home/lc/projekty/OpenKomodoIDE/mozilla/build/moz1400-ko1410/mozilla/obj-x86_64-pc-linux-gnu/dist/host
2026-03-12 20:26:49,925 - BuildSystem - INFO -   - /home/lc/projekty/OpenKomodoIDE/mozilla/build/moz1400-ko1410/mozilla/obj-x86_64-pc-linux-gnu/dist/public
2026-03-12 20:26:49,925 - BuildSystem - INFO -   - /home/lc/projekty/OpenKomodoIDE/mozilla/build/moz1400-ko1410/mozilla/obj-x86_64-pc-linux-gnu/dist/system_wrappers
2026-03-12 20:26:49,925 - BuildSystem - INFO -   - /home/lc/projekty/OpenKomodoIDE/mozilla/build/moz1400-ko1410/mozilla/obj-x86_64-pc-linux-gnu/dist/stl_wrappers
2026-03-12 20:26:49,925 - BuildSystem - INFO -   - /home/lc/projekty/OpenKomodoIDE/mozilla/build/moz1400-ko1410/mozilla/obj-x86_64-pc-linux-gnu/dist/private
2026-03-12 20:26:49,925 - BuildSystem - INFO -   - ... and 20 more
2026-03-12 20:26:49,925 - BuildSystem - INFO - ✓ Copied directory host to /home/lc/projekty/OpenKomodoIDE/dist
2026-03-12 20:26:49,925 - BuildSystem - INFO - ✓ Copied directory public to /home/lc/projekty/OpenKomodoIDE/dist
2026-03-12 20:26:50,015 - BuildSystem - INFO - ✓ Copied directory system_wrappers to /home/lc/projekty/OpenKomodoIDE/dist
2026-03-12 20:26:50,020 - BuildSystem - INFO - ✓ Copied directory stl_wrappers to /home/lc/projekty/OpenKomodoIDE/dist
2026-03-12 20:26:50,020 - BuildSystem - INFO - ✓ Copied directory private to /home/lc/projekty/OpenKomodoIDE/dist
2026-03-12 20:26:50,871 - BuildSystem - INFO - ✓ Copied directory include to /home/lc/projekty/OpenKomodoIDE/dist
2026-03-12 20:26:50,931 - BuildSystem - INFO - ✓ Copied directory xpi-stage to /home/lc/projekty/OpenKomodoIDE/dist
2026-03-12 20:26:51,245 - BuildSystem - INFO - ✓ Copied directory bin to /home/lc/projekty/OpenKomodoIDE/dist
2026-03-12 20:26:51,372 - BuildSystem - INFO - ✓ Copied directory xpcrs to /home/lc/projekty/OpenKomodoIDE/dist
2026-03-12 20:26:51,372 - BuildSystem - INFO - ✓ Copied directory defaults to /home/lc/projekty/OpenKomodoIDE/dist
2026-03-12 20:26:51,549 - BuildSystem - INFO - ✓ Copied directory browser to /home/lc/projekty/OpenKomodoIDE/dist
2026-03-12 20:26:51,589 - BuildSystem - INFO - ✓ Copied directory modules to /home/lc/projekty/OpenKomodoIDE/dist
2026-03-12 20:26:51,595 - BuildSystem - INFO - ✓ Copied directory actors to /home/lc/projekty/OpenKomodoIDE/dist
2026-03-12 20:26:51,596 - BuildSystem - INFO - ✓ Copied directory contentaccessible to /home/lc/projekty/OpenKomodoIDE/dist
2026-03-12 20:26:51,598 - BuildSystem - INFO - ✓ Copied directory res to /home/lc/projekty/OpenKomodoIDE/dist
2026-03-12 20:26:51,599 - BuildSystem - INFO - ✓ Copied directory gmp-fake to /home/lc/projekty/OpenKomodoIDE/dist
2026-03-12 20:26:51,606 - BuildSystem - INFO - ✓ Copied directory moz-src to /home/lc/projekty/OpenKomodoIDE/dist
2026-03-12 20:26:51,606 - BuildSystem - INFO - ✓ Copied directory icons to /home/lc/projekty/OpenKomodoIDE/dist
2026-03-12 20:26:51,610 - BuildSystem - INFO - ✓ Copied directory hyphenation to /home/lc/projekty/OpenKomodoIDE/dist
2026-03-12 20:26:51,611 - BuildSystem - INFO - ✓ Copied directory components to /home/lc/projekty/OpenKomodoIDE/dist
2026-03-12 20:26:51,611 - BuildSystem - INFO - ✓ Copied nsinstall to /home/lc/projekty/OpenKomodoIDE/dist
2026-03-12 20:26:51,611 - BuildSystem - INFO - ✓ Copied directory fonts to /home/lc/projekty/OpenKomodoIDE/dist
2026-03-12 20:26:51,611 - BuildSystem - INFO - ✓ Copied directory gmp-fakeopenh264 to /home/lc/projekty/OpenKomodoIDE/dist
2026-03-12 20:26:51,629 - BuildSystem - INFO - ✓ Copied directory webcompat to /home/lc/projekty/OpenKomodoIDE/dist
2026-03-12 20:26:51,665 - BuildSystem - INFO - ✓ Copied directory newtab to /home/lc/projekty/OpenKomodoIDE/dist
2026-03-12 20:26:51,665 - BuildSystem - INFO - ✓ Build artifacts collected successfully
2026-03-12 20:26:51,665 - BuildSystem - INFO - 
============================================================
2026-03-12 20:26:51,665 - BuildSystem - INFO - ✓ COMPLETE BUILD SUCCESSFUL!
2026-03-12 20:26:51,665 - BuildSystem - INFO - 
Build artifacts available in:
2026-03-12 20:26:51,665 - BuildSystem - INFO -   Build directory: /home/lc/projekty/OpenKomodoIDE/build
2026-03-12 20:26:51,665 - BuildSystem - INFO -   Distribution: /home/lc/projekty/OpenKomodoIDE/dist
2026-03-12 20:26:51,665 - BuildSystem - INFO -   Logs: /home/lc/projekty/OpenKomodoIDE/logs
