2026-01-09 20:02:34,317 - BuildSystem - INFO - Loaded configuration from /home/lc/projekty/OpenKomodoIDE/build_config.json
2026-01-09 20:02:34,317 - BuildSystem - INFO - Saved configuration to /home/lc/projekty/OpenKomodoIDE/build_config.json
2026-01-09 20:02:34,317 - BuildSystem - INFO - Configuring build using Firefox mach system...
2026-01-09 20:02:34,317 - BuildSystem - INFO - Running: /home/lc/projekty/OpenKomodoIDE/mozilla/build/moz1400-ko120/mozilla/mach configure
2026-01-09 20:02:34,374 - BuildSystem - ERROR - ✗ Build configuration failed: Traceback (most recent call last):
  File "/home/lc/projekty/OpenKomodoIDE/mozilla/build/moz1400-ko120/mozilla/mach", line 199, in <module>
    main(sys.argv[1:])
  File "/home/lc/projekty/OpenKomodoIDE/mozilla/build/moz1400-ko120/mozilla/mach", line 155, in main
    mach = check_and_get_mach(os.path.dirname(os.path.realpath(__file__)), args)
           ^^^^^^^^^^^^^^^^^^^^^^^^^^^^^^^^^^^^^^^^^^^^^^^^^^^^^^^^^^^^^^^^^^^^^
  File "/home/lc/projekty/OpenKomodoIDE/mozilla/build/moz1400-ko120/mozilla/mach", line 39, in check_and_get_mach
    return load_mach(dir_path, mach_path, args)
           ^^^^^^^^^^^^^^^^^^^^^^^^^^^^^^^^^^^^
  File "/home/lc/projekty/OpenKomodoIDE/mozilla/build/moz1400-ko120/mozilla/mach", line 25, in load_mach
    return mach_initialize.initialize(dir_path, args)
           ^^^^^^^^^^^^^^^^^^^^^^^^^^^^^^^^^^^^^^^^^^
  File "/home/lc/projekty/OpenKomodoIDE/mozilla/build/moz1400-ko120/mozilla/build/mach_initialize.py", line 164, in initialize
    _activate_python_environment(
  File "/home/lc/projekty/OpenKomodoIDE/mozilla/build/moz1400-ko120/mozilla/build/mach_initialize.py", line 78, in _activate_python_environment
    mach_environment = MachSiteManager.from_environment(
                       ^^^^^^^^^^^^^^^^^^^^^^^^^^^^^^^^^
  File "/home/lc/projekty/OpenKomodoIDE/mozilla/build/moz1400-ko120/mozilla/python/mach/mach/site.py", line 328, in from_environment
    requirements = resolve_requirements(topsrcdir, "mach")
                   ^^^^^^^^^^^^^^^^^^^^^^^^^^^^^^^^^^^^^^^
  File "/home/lc/projekty/OpenKomodoIDE/mozilla/build/moz1400-ko120/mozilla/python/mach/mach/site.py", line 1258, in resolve_requirements
    requirements = MachEnvRequirements.from_requirements_definition(
                   ^^^^^^^^^^^^^^^^^^^^^^^^^^^^^^^^^^^^^^^^^^^^^^^^^
  File "/home/lc/projekty/OpenKomodoIDE/mozilla/build/moz1400-ko120/mozilla/python/mach/mach/requirements.py", line 90, in from_requirements_definition
    _parse_mach_env_requirements(
  File "/home/lc/projekty/OpenKomodoIDE/mozilla/build/moz1400-ko120/mozilla/python/mach/mach/requirements.py", line 225, in _parse_mach_env_requirements
    _parse_requirements_definition_file(root_requirements_path, False)
  File "/home/lc/projekty/OpenKomodoIDE/mozilla/build/moz1400-ko120/mozilla/python/mach/mach/requirements.py", line 221, in _parse_requirements_definition_file
    _parse_requirements_line(
  File "/home/lc/projekty/OpenKomodoIDE/mozilla/build/moz1400-ko120/mozilla/python/mach/mach/requirements.py", line 146, in _parse_requirements_line
    raise Exception(
Exception: vendored-fallback package pyyaml is not referenced in /home/lc/projekty/OpenKomodoIDE/mozilla/build/moz1400-ko120/mozilla/third_party/python/requirements.txt

2026-01-09 20:02:34,374 - BuildSystem - ERROR - stdout: 
