build: info: target: all
build: info: target: src
build: info: it looks like the src already exists: '/home/lc/projekty/OpenKomodoIDE/mozilla/build/moz14000-ko14.10/mozilla' exists
build: info: target: patch mozilla from ['patches-new']
patchtree: info: Patch verification complete, copying results back...
build: info: target: patch komodoapp from ['patches-new']
patchtree: info: add 'patches-new/komodo-140.0/komodo/Makefile.in' to 'Makefile.in'
patchtree: info: add 'patches-new/komodo-140.0/komodo/build.mk' to 'build.mk'
patchtree: info: add 'patches-new/komodo-140.0/komodo/confvars.sh' to 'confvars.sh'
patchtree: info: add 'patches-new/komodo-140.0/komodo/moz.build' to 'moz.build'
patchtree: info: add 'patches-new/komodo-140.0/komodo/app/Makefile.in' to 'app/Makefile.in'
patchtree: info: add 'patches-new/komodo-140.0/komodo/app/app.mozbuild' to 'app/app.mozbuild'
patchtree: info: add 'patches-new/komodo-140.0/komodo/app/profile/prefs.js' to 'app/profile/prefs.js'
patchtree: info: add 'patches-new/komodo-140.0/komodo/app/profile/komodo.js' to 'app/profile/komodo.js'
patchtree: info: add 'patches-new/komodo-140.0/komodo/config/moz.configure' to 'config/moz.configure'
patchtree: info: add 'patchlog/komodo/moz.build' to 'workdir/komodo/moz.build'
patchtree: info: add 'patchlog/komodo/build.mk' to 'workdir/komodo/build.mk'
patchtree: info: add 'patchlog/komodo/confvars.sh' to 'workdir/komodo/confvars.sh'
patchtree: info: add 'patchlog/komodo/Makefile.in' to 'workdir/komodo/Makefile.in'
patchtree: info: add 'patchlog/komodo/config/moz.configure' to 'workdir/komodo/config/moz.configure'
patchtree: info: add 'patchlog/komodo/app/Makefile.in' to 'workdir/komodo/app/Makefile.in'
patchtree: info: add 'patchlog/komodo/app/app.mozbuild' to 'workdir/komodo/app/app.mozbuild'
patchtree: info: add 'patchlog/komodo/app/profile/komodo.js' to 'workdir/komodo/app/profile/komodo.js'
patchtree: info: add 'patchlog/komodo/app/profile/prefs.js' to 'workdir/komodo/app/profile/prefs.js'
patchtree: info: Patch verification complete, copying results back...
build: info: target: configure_mozilla
build: error: all: There is no mozilla source at '/home/lc/projekty/OpenKomodoIDE/mozilla/build/moz14000-ko14.10/mozilla'. (landmark='/home/lc/projekty/OpenKomodoIDE/mozilla/build/moz14000-ko14.10/mozilla/client.mk')
